{
    "id": "dbpedia_8293_0",
    "rank": 95,
    "data": {
        "url": "https://githubhelp.com/stevenshiau/clonezilla",
        "read_more_link": "",
        "language": "en",
        "title": "The clonezilla from stevenshiau",
        "top_image": "https://githubhelp.com/favicon.svg",
        "meta_img": "https://githubhelp.com/favicon.svg",
        "images": [
            "https://githubhelp.com/assets/img/logo.svg",
            "https://avatars.githubusercontent.com/u/285923?v=4",
            "https://avatars.githubusercontent.com/u/5136633?s=40&v=4",
            "https://avatars.githubusercontent.com/u/2124129?v=4",
            "https://avatars.githubusercontent.com/u/2821179?v=4",
            "https://avatars.githubusercontent.com/u/45705204?s=40&u=f23c488886f0f93a08adb7676e5500cdad5b464c&v=4",
            "https://avatars.githubusercontent.com/u/95611978?s=40&u=d99322231a899138b9b2cdb4aca8143f338268a7&v=4",
            "https://avatars.githubusercontent.com/u/30189266?s=40&u=e59d1ea4b7c7f79ff604a50a64b8d2a20c3921a9&v=4",
            "https://avatars.githubusercontent.com/u/154996275?s=40&u=abb47bae32027acca0a93da9183342190226d90b&v=4",
            "https://avatars.githubusercontent.com/u/92523442?v=4",
            "https://avatars.githubusercontent.com/u/19352442?v=4",
            "https://avatars.githubusercontent.com/u/43941547?s=40&v=4",
            "https://avatars.githubusercontent.com/u/30995838?s=40&v=4",
            "https://avatars.githubusercontent.com/u/44700918?s=40&u=7e469bac9b02ff62f8a103330bc3363ca3e38991&v=4",
            "https://avatars.githubusercontent.com/u/37097985?s=40&u=bffff8cc3e5d7b5188891bbc657a03610e67b434&v=4",
            "https://avatars.githubusercontent.com/u/48216?s=30&u=1af308576dffd489251fca68aceab3d4585a43c1&v=4",
            "https://avatars.githubusercontent.com/u/16678111?v=4",
            "https://avatars.githubusercontent.com/u/91049859?s=40&u=fa94770f71469898581224147a9c5c8212ff5388&v=4",
            "https://avatars.githubusercontent.com/u/67707281?s=40&u=19707dd461754422f749770057d4c7235a8cd396&v=4",
            "https://avatars.githubusercontent.com/u/3178469?s=40&v=4",
            "https://avatars.githubusercontent.com/u/144089184?s=40&v=4",
            "https://avatars.githubusercontent.com/u/79307765?s=40&u=7255e71dbd85cc75e5f72ad817356f51c6be1ced&v=4",
            "https://avatars.githubusercontent.com/u/49816083?s=40&v=4",
            "https://avatars.githubusercontent.com/u/23290788?s=40&u=622e384b2e1f43ec1ded162a17ebd5dc55c9f1dd&v=4",
            "https://avatars.githubusercontent.com/u/2811705?s=40&v=4",
            "https://avatars.githubusercontent.com/u/143107054?s=40&v=4",
            "https://avatars.githubusercontent.com/u/56515107?s=40&v=4",
            "https://avatars.githubusercontent.com/u/44745901?s=40&v=4",
            "https://avatars.githubusercontent.com/u/28286900?s=40&v=4",
            "https://avatars.githubusercontent.com/u/56532663?s=40&v=4",
            "https://avatars.githubusercontent.com/u/16092925?s=40&v=4",
            "https://avatars.githubusercontent.com/u/141909217?s=40&u=88899f7c6832f0ecc21bb6022907395be35fc0d7&v=4",
            "https://avatars.githubusercontent.com/u/31964173?v=4",
            "https://avatars.githubusercontent.com/u/19849?s=40&v=4",
            "https://avatars.githubusercontent.com/u/57876492?v=4",
            "https://avatars.githubusercontent.com/u/30803622?s=40&v=4",
            "https://avatars.githubusercontent.com/u/6467408?v=4",
            "https://avatars.githubusercontent.com/u/26989105?s=40&v=4",
            "https://avatars.githubusercontent.com/u/13348321?v=4",
            "https://avatars.githubusercontent.com/u/32542899?s=40&v=4",
            "https://avatars.githubusercontent.com/u/77551365?s=40&u=e354e396f00f946d14104d554ee1a0399eaeca8e&v=4",
            "https://avatars.githubusercontent.com/u/131007725?s=40&v=4",
            "https://avatars.githubusercontent.com/u/2391810?s=40&u=9522493a3785ce0618eb69b39d47564ce4a8289c&v=4",
            "https://avatars.githubusercontent.com/u/5351275?v=4",
            "https://avatars.githubusercontent.com/u/63990576?s=40&u=bee3402109952da0de59d8c9334fd1ba99c48f43&v=4",
            "https://avatars.githubusercontent.com/u/80710672?s=40&u=728fdaec12c97433987d2277bfd862288b9f2b9c&v=4",
            "https://avatars.githubusercontent.com/u/7432512?s=40&v=4",
            "https://avatars.githubusercontent.com/u/409219?s=40&u=8c8a85b87fba66142b1c0824f695aea67bba8c55&v=4",
            "https://avatars.githubusercontent.com/u/98668165?s=40&v=4",
            "https://avatars.githubusercontent.com/u/46439389?s=40&v=4",
            "https://avatars.githubusercontent.com/u/51375790?s=40&v=4",
            "https://avatars.githubusercontent.com/u/81563289?s=40&v=4",
            "https://avatars.githubusercontent.com/u/96404754?s=40&v=4",
            "https://avatars.githubusercontent.com/u/95980383?s=40&u=e827e5d4a95c9a25226bdff3cdb24107802b5722&v=4",
            "https://avatars.githubusercontent.com/u/4014412?v=4",
            "https://avatars.githubusercontent.com/u/36093197?s=40&u=f3b3943ada7f2fc18d489faff2a0f231851add42&v=4",
            "https://avatars.githubusercontent.com/u/30042278?s=40&u=7cd4e6b1a758cb125cc660219eaa569dff5e4392&v=4",
            "https://avatars.githubusercontent.com/u/80455279?s=40&v=4",
            "https://avatars.githubusercontent.com/u/173643051?v=4",
            "https://avatars.githubusercontent.com/u/12454813?s=40&v=4",
            "https://avatars.githubusercontent.com/u/53420374?s=40&v=4",
            "https://avatars.githubusercontent.com/u/97311402?s=40&v=4",
            "https://avatars.githubusercontent.com/u/19803009?s=40&v=4",
            "https://avatars.githubusercontent.com/u/2292840?s=40&u=b54e891931ffdd3b99add1b72ce8803ccb7c410f&v=4",
            "https://avatars.githubusercontent.com/u/76495154?s=40&u=7bf01c6354eb23a8bad2cd62d80aa4405e3bb29e&v=4",
            "https://avatars.githubusercontent.com/u/33118911?s=40&u=19ff1ec4b6e1108cd92be4ff39cf4a70f6eaf187&v=4",
            "https://avatars.githubusercontent.com/u/56829181?s=40&u=a178580ab638e1db2e9398a481b131e90556db2b&v=4",
            "https://avatars.githubusercontent.com/u/3204?s=40&u=424e7708f099662e2e8dc2dd7d980b4e2a0cbe8a&v=4",
            "https://avatars.githubusercontent.com/u/25599532?s=40&u=82fabaf4e65e946e635c272ddf7647f5d9f1837a&v=4",
            "https://avatars.githubusercontent.com/u/7376454?s=40&u=33fc6dd68b592923b8351e52e0e4d9170e0859ce&v=4",
            "https://avatars.githubusercontent.com/u/99195245?s=40&v=4",
            "https://avatars.githubusercontent.com/u/140873000?s=40&v=4",
            "https://avatars.githubusercontent.com/u/6976498?s=40&u=ef77d326cc71205d0152f8e779758a59f69fd9ee&v=4",
            "https://avatars.githubusercontent.com/u/123994152?s=40&v=4",
            "https://avatars.githubusercontent.com/u/113035356?s=40&v=4",
            "https://avatars.githubusercontent.com/u/9425842?s=40&u=ca0a2ba026a799561d2993a598c013aa15461233&v=4",
            "https://avatars.githubusercontent.com/u/98467074?v=4",
            "https://avatars.githubusercontent.com/u/112007726?v=4",
            "https://avatars.githubusercontent.com/u/31507699?s=40&v=4",
            "https://avatars.githubusercontent.com/u/23229568?v=4",
            "https://avatars.githubusercontent.com/u/15776845?v=4",
            "https://avatars.githubusercontent.com/u/33044872?s=40&u=5e008ef86bc04154aec22118da3b8a64325b3843&v=4",
            "https://avatars.githubusercontent.com/u/1026591?s=40&u=9fa41b359c6802948cee15dde61fd1739a650e48&v=4",
            "https://avatars.githubusercontent.com/u/1631095?s=40&v=4",
            "https://avatars.githubusercontent.com/u/49216046?s=40&u=6a73592c35ac8f5e107c5f4d265d20140908019f&v=4",
            "https://avatars.githubusercontent.com/u/146863410?v=4",
            "https://avatars.githubusercontent.com/u/64648639?s=40&u=928b9a1012c4655f98d58bd1e556f435cc6759bc&v=4",
            "https://avatars.githubusercontent.com/u/66631710?s=40&v=4",
            "https://avatars.githubusercontent.com/u/1170510?s=40&u=dbe68f8298362932cf8e439ab6c608bee4158f7c&v=4",
            "https://avatars.githubusercontent.com/u/64717696?s=40&v=4",
            "https://avatars.githubusercontent.com/u/42572374?s=40&v=4",
            "https://avatars.githubusercontent.com/u/8339682?s=40&v=4",
            "https://avatars.githubusercontent.com/u/29016665?s=40&u=6ee3a5194733b51522536b0a09650fcb4e3936df&v=4",
            "https://avatars.githubusercontent.com/u/51043609?s=40&u=2259d26aacf07710994c827b9527ee8f1c651054&v=4",
            "https://avatars.githubusercontent.com/u/81965052?s=40&u=179fdec5d978edf92d07e638e58b47945b28ab25&v=4",
            "https://avatars.githubusercontent.com/u/74469029?s=40&v=4",
            "https://avatars.githubusercontent.com/u/93346826?s=40&u=87c61351e1ed785888703b76979c64fe65e4f956&v=4",
            "https://avatars.githubusercontent.com/u/113475097?s=30&u=341470b8fe3624d2207ba3ba86836439fca403b4&v=4",
            "https://avatars.githubusercontent.com/u/884371?s=40&v=4",
            "https://avatars.githubusercontent.com/u/1745610?s=40&v=4",
            "https://avatars.githubusercontent.com/u/124019959?s=30&u=ef3bf0634c13be32312982cc43b77be151480c2d&v=4",
            "https://avatars.githubusercontent.com/u/128916135?s=40&v=4",
            "https://avatars.githubusercontent.com/u/61110572?s=40&v=4",
            "https://avatars.githubusercontent.com/u/1091647?s=40&v=4",
            "https://avatars.githubusercontent.com/u/19735243?s=40&u=abf966259416c4f526e58c1179a5aaaf2fc745ae&v=4",
            "https://avatars.githubusercontent.com/u/127734760?s=40&u=2dbe86762d79f9d125633c70d3b567799c519d51&v=4",
            "https://avatars.githubusercontent.com/u/6156069?s=40&v=4",
            "https://avatars.githubusercontent.com/u/12078789?s=40&v=4",
            "https://avatars.githubusercontent.com/u/67707281?s=40&u=19707dd461754422f749770057d4c7235a8cd396&v=4",
            "https://avatars.githubusercontent.com/u/1754269?v=4",
            "https://avatars.githubusercontent.com/u/17687979?s=40&v=4",
            "https://avatars.githubusercontent.com/u/8596877?s=40&v=4",
            "https://avatars.githubusercontent.com/u/32309979?s=40&v=4",
            "https://avatars.githubusercontent.com/u/9546548?s=40&v=4",
            "https://avatars.githubusercontent.com/u/14877660?s=40&u=67388bebae4ae96de9297a54be667b40c596cde7&v=4",
            "https://avatars.githubusercontent.com/u/32631476?s=40&u=f973451d6497bca88c46923459b2dd08b243c225&v=4",
            "https://avatars.githubusercontent.com/u/11071339?s=40&u=7068f6a7cd214350eaa3297c30ae068729dc49b3&v=4",
            "https://avatars.githubusercontent.com/u/3044666?s=40&v=4",
            "https://avatars.githubusercontent.com/u/841039?s=40&v=4",
            "https://avatars.githubusercontent.com/u/3584732?s=40&u=56c9839553ba8f79b31a6eb526d84c14c007c0f8&v=4",
            "https://avatars.githubusercontent.com/u/9448334?s=40&v=4",
            "https://avatars.githubusercontent.com/u/12666917?s=40&v=4",
            "https://avatars.githubusercontent.com/u/10561925?s=40&v=4",
            "https://avatars.githubusercontent.com/u/75914039?s=40&v=4",
            "https://avatars.githubusercontent.com/u/142666812?s=30&v=4",
            "https://avatars.githubusercontent.com/u/15084551?s=30&v=4",
            "https://avatars.githubusercontent.com/u/4617369?s=40&v=4",
            "https://avatars.githubusercontent.com/u/4073975?s=40&u=b21f097115456add57d95dbee681612480afd57a&v=4",
            "https://avatars.githubusercontent.com/u/97278?v=4",
            "https://avatars.githubusercontent.com/u/19964074?s=40&v=4",
            "https://avatars.githubusercontent.com/u/104737?s=40&u=24b53dd7f97ac2811160705ccb58495692e6eb6c&v=4",
            "https://avatars.githubusercontent.com/u/3691490?v=4",
            "https://avatars.githubusercontent.com/u/324944?v=4",
            "https://avatars.githubusercontent.com/u/46003604?s=40&v=4",
            "https://avatars.githubusercontent.com/u/2124129?v=4",
            "https://avatars.githubusercontent.com/u/1511473?s=40&u=4cb4a6a4327b8f076450dc60477ec3a71e867615&v=4",
            "https://avatars.githubusercontent.com/u/11523983?s=40&u=5be3050bf42fd4ee11b66c002373c6e74f280a69&v=4",
            "https://avatars.githubusercontent.com/u/11783026?s=40&u=e30aaea471dea812e979b1e836c86911e9fb4862&v=4",
            "https://avatars.githubusercontent.com/u/1317121?s=40&v=4",
            "https://avatars.githubusercontent.com/u/6176910?s=40&u=f92c70901be2f564b8ebe8c094b24046edc86030&v=4",
            "https://avatars.githubusercontent.com/u/1314821?s=40&u=8599c875c4820b8d85ba9052b37583705e2c8e1b&v=4",
            "https://avatars.githubusercontent.com/u/661992?s=40&v=4",
            "https://avatars.githubusercontent.com/u/4197714?s=40&u=7531daa92bd8f2e553a56555945ea63dc00a4eef&v=4",
            "https://user-images.githubusercontent.com/2756283/56943089-d5fb1d00-6b15-11e9-8406-4dc68652dd04.png",
            "https://user-images.githubusercontent.com/2756283/56943503-ae0cb900-6b17-11e9-9a43-88629742d7dc.png",
            "https://user-images.githubusercontent.com/71682684/112599210-ed310b00-8e0f-11eb-8965-152816c69d8c.png",
            "https://raw.githubusercontent.com/facebook/create-react-app/master/packages/cra-template/template/public/logo192.png",
            "https://camo.githubusercontent.com/c8f91d18976e27123643a926a2588b8d931a0292fd0b6532c3155379e8591629/68747470733a2f2f7675656a732e6f72672f696d616765732f6c6f676f2e706e67",
            "https://www.typescriptlang.org/favicon-32x32.png",
            "https://camo.githubusercontent.com/c04e16c05de80dadbdc990884672fc941fdcbbfbb02b31dd48c248d010861426/68747470733a2f2f7777772e74656e736f72666c6f772e6f72672f696d616765732f74665f6c6f676f5f736f6369616c2e706e67",
            "https://avatars2.githubusercontent.com/u/27804?s=200&v=4",
            "https://laravel.com/img/logomark.min.svg",
            "https://camo.githubusercontent.com/586ccf0aad9684edc821658cee04146cf36d1f1d5ec904bbefd72728909ccb2e/68747470733a2f2f64336a732e6f72672f6c6f676f2e737667",
            "https://avatars.githubusercontent.com/u/69631?v=4",
            "https://avatars.githubusercontent.com/u/6154722?v=4",
            "https://avatars.githubusercontent.com/u/1342004?v=4",
            "https://avatars.githubusercontent.com/u/1961952?v=4",
            "https://avatars.githubusercontent.com/u/1562726?v=4",
            "https://avatars.githubusercontent.com/u/18461506?v=4"
        ],
        "movies": [],
        "keywords": [],
        "meta_keywords": [
            "clonezilla",
            "stevenshiau"
        ],
        "tags": null,
        "authors": [],
        "publish_date": null,
        "summary": "",
        "meta_description": "clonezilla is a partition or disk clone tool similar to norton ghostÂ®. it saves and restores only used blocks in hard drive. two types of clonezilla are available, clonezilla live and clonezilla se (server edition). from githubhelp.",
        "meta_lang": "en",
        "meta_favicon": "/favicon.svg",
        "meta_site_name": "GithubHelp clonezilla,stevenshiau",
        "canonical_link": "https://githubhelp.com/",
        "text": "[ 0.000000] Linux version 4.19.0-4-amd64 ([email protected]) (gcc version 8.3.0 (Debian 8.3.0-2)) #1 SMP Debian 4.19.28-2 (2019-03-15)\n\n[ 0.000000] Command line: BOOT_IMAGE=/live/vmlinuz initrd=/live/initrd.img boot=live union=overlay username=user config components quiet noswap edd=on nomodeset noeject locales= keyboard-layouts= ocs_live_run=\"ocs-live-general\" ocs_live_extra_param=\"\" ocs_live_batch=\"no\" vga=788 ip= net.ifnames=0 splash i915.blacklist=yes radeonhd.blacklist=yes nouveau.blacklist=yes vmwgfx.enable_fbdev=1\n\n[ 0.000000] x86/fpu: Supporting XSAVE feature 0x001: 'x87 floating point registers'\n\n[ 0.000000] x86/fpu: Supporting XSAVE feature 0x002: 'SSE registers'\n\n[ 0.000000] x86/fpu: Supporting XSAVE feature 0x004: 'AVX registers'\n\n[ 0.000000] x86/fpu: Supporting XSAVE feature 0x008: 'MPX bounds registers'\n\n[ 0.000000] x86/fpu: Supporting XSAVE feature 0x010: 'MPX CSR'\n\n[ 0.000000] x86/fpu: xstate_offset[2]: 576, xstate_sizes[2]: 256\n\n[ 0.000000] x86/fpu: xstate_offset[3]: 832, xstate_sizes[3]: 64\n\n[ 0.000000] x86/fpu: xstate_offset[4]: 896, xstate_sizes[4]: 64\n\n[ 0.000000] x86/fpu: Enabled xstate features 0x1f, context size is 960 bytes, using 'compacted' format.\n\n[ 0.000000] BIOS-provided physical RAM map:\n\n[ 0.000000] BIOS-e820: [mem 0x0000000000000000-0x000000000009e7ff] usable\n\n[ 0.000000] BIOS-e820: [mem 0x000000000009e800-0x000000000009ffff] reserved\n\n[ 0.000000] BIOS-e820: [mem 0x00000000000e0000-0x00000000000fffff] reserved\n\n[ 0.000000] BIOS-e820: [mem 0x0000000000100000-0x0000000071a01fff] usable\n\n[ 0.000000] BIOS-e820: [mem 0x0000000071a02000-0x0000000071a02fff] ACPI NVS\n\n[ 0.000000] BIOS-e820: [mem 0x0000000071a03000-0x0000000071a03fff] reserved\n\n[ 0.000000] BIOS-e820: [mem 0x0000000071a04000-0x0000000073387fff] usable\n\n[ 0.000000] BIOS-e820: [mem 0x0000000073388000-0x0000000073c87fff] reserved\n\n[ 0.000000] BIOS-e820: [mem 0x0000000073c88000-0x0000000089e9dfff] usable\n\n[ 0.000000] BIOS-e820: [mem 0x0000000089e9e000-0x000000008a88dfff] reserved\n\n[ 0.000000] BIOS-e820: [mem 0x000000008a88e000-0x000000008af7dfff] ACPI NVS\n\n[ 0.000000] BIOS-e820: [mem 0x000000008af7e000-0x000000008affdfff] ACPI data\n\n[ 0.000000] BIOS-e820: [mem 0x000000008affe000-0x000000008affefff] usable\n\n[ 0.000000] BIOS-e820: [mem 0x000000008afff000-0x000000008fffffff] reserved\n\n[ 0.000000] BIOS-e820: [mem 0x00000000e0000000-0x00000000efffffff] reserved\n\n[ 0.000000] BIOS-e820: [mem 0x00000000fd000000-0x00000000fe7fffff] reserved\n\n[ 0.000000] BIOS-e820: [mem 0x00000000fec00000-0x00000000fec00fff] reserved\n\n[ 0.000000] BIOS-e820: [mem 0x00000000fed00000-0x00000000fed00fff] reserved\n\n[ 0.000000] BIOS-e820: [mem 0x00000000fed10000-0x00000000fed19fff] reserved\n\n[ 0.000000] BIOS-e820: [mem 0x00000000fed84000-0x00000000fed84fff] reserved\n\n[ 0.000000] BIOS-e820: [mem 0x00000000fee00000-0x00000000fee00fff] reserved\n\n[ 0.000000] BIOS-e820: [mem 0x00000000ffa00000-0x00000000ffffffff] reserved\n\n[ 0.000000] BIOS-e820: [mem 0x0000000100000000-0x000000036effffff] usable\n\n[ 0.000000] NX (Execute Disable) protection: active\n\n[ 0.000000] SMBIOS 3.0 present.\n\n[ 0.000000] DMI: Acer Aspire A315-51/Venusaur_KL, BIOS V1.13 07/17/2018\n\n[ 0.000000] tsc: Detected 2700.000 MHz processor\n\n[ 0.001426] tsc: Detected 2712.000 MHz TSC\n\n[ 0.001426] e820: update [mem 0x00000000-0x00000fff] usable ==> reserved\n\n[ 0.001428] e820: remove [mem 0x000a0000-0x000fffff] usable\n\n[ 0.001434] last_pfn = 0x36f000 max_arch_pfn = 0x400000000\n\n[ 0.001436] MTRR default type: write-back\n\n[ 0.001437] MTRR fixed ranges enabled:\n\n[ 0.001438] 00000-9FFFF write-back\n\n[ 0.001438] A0000-BFFFF uncachable\n\n[ 0.001439] C0000-FFFFF write-protect\n\n[ 0.001439] MTRR variable ranges enabled:\n\n[ 0.001441] 0 base 00C0000000 mask 7FC0000000 uncachable\n\n[ 0.001441] 1 base 00A0000000 mask 7FE0000000 uncachable\n\n[ 0.001442] 2 base 0090000000 mask 7FF0000000 uncachable\n\n[ 0.001442] 3 base 008C000000 mask 7FFC000000 uncachable\n\n[ 0.001443] 4 base 008B800000 mask 7FFF800000 uncachable\n\n[ 0.001443] 5 disabled\n\n[ 0.001444] 6 disabled\n\n[ 0.001444] 7 disabled\n\n[ 0.001444] 8 disabled\n\n[ 0.001444] 9 disabled\n\n[ 0.002247] x86/PAT: Configuration [0-7]: WB WC UC- UC WB WP UC- WT\n\n[ 0.002388] last_pfn = 0x8afff max_arch_pfn = 0x400000000\n\n[ 0.008879] found SMP MP-table at [mem 0x000fe1b0-0x000fe1bf] mapped at [(ptrval)]\n\n[ 0.008927] Base memory trampoline at [(ptrval)] 98000 size 24576\n\n[ 0.008931] Using GB pages for direct mapping\n\n[ 0.008932] BRK [0x34fa01000, 0x34fa01fff] PGTABLE\n\n[ 0.008934] BRK [0x34fa02000, 0x34fa02fff] PGTABLE\n\n[ 0.008934] BRK [0x34fa03000, 0x34fa03fff] PGTABLE\n\n[ 0.008947] BRK [0x34fa04000, 0x34fa04fff] PGTABLE\n\n[ 0.008948] BRK [0x34fa05000, 0x34fa05fff] PGTABLE\n\n[ 0.008994] BRK [0x34fa06000, 0x34fa06fff] PGTABLE\n\n[ 0.009005] BRK [0x34fa07000, 0x34fa07fff] PGTABLE\n\n[ 0.009025] BRK [0x34fa08000, 0x34fa08fff] PGTABLE\n\n[ 0.009036] BRK [0x34fa09000, 0x34fa09fff] PGTABLE\n\n[ 0.009043] BRK [0x34fa0a000, 0x34fa0afff] PGTABLE\n\n[ 0.009064] BRK [0x34fa0b000, 0x34fa0bfff] PGTABLE\n\n[ 0.009099] BRK [0x34fa0c000, 0x34fa0cfff] PGTABLE\n\n[ 0.009122] RAMDISK: [mem 0x7e758000-0x7fffffff]\n\n[ 0.009127] ACPI: Early table checksum verification disabled\n\n[ 0.009172] ACPI: RSDP 0x00000000000FE020 000024 (v02 ACRSYS)\n\n[ 0.009174] ACPI: XSDT 0x000000008AFC5188 0000FC (v01 ACRSYS ACRPRDCT 00000000 01000013)\n\n[ 0.009178] ACPI: FACP 0x000000008AFE7000 00010C (v05 ACRSYS ACRPRDCT 00000000 1025 00040000)\n\n[ 0.009182] ACPI: DSDT 0x000000008AFC9000 019EA8 (v02 ACRSYS ACRPRDCT 00000000 1025 00040000)\n\n[ 0.009184] ACPI: FACS 0x000000008AF55000 000040\n\n[ 0.009186] ACPI: UEFI 0x000000008AFFC000 000236 (v01 ACRSYS ACRPRDCT 00000001 1025 00040000)\n\n[ 0.009188] ACPI: UEFI 0x000000008AFFB000 000042 (v01 ACRSYS ACRPRDCT 00000002 1025 00040000)\n\n[ 0.009190] ACPI: SSDT 0x000000008AFF5000 00567D (v01 ACRSYS ACRPRDCT 00001000 1025 00040000)\n\n[ 0.009192] ACPI: SSDT 0x000000008AFF3000 0004C3 (v02 ACRSYS ACRPRDCT 00001000 1025 00040000)\n\n[ 0.009194] ACPI: SSDT 0x000000008AFF2000 000046 (v02 ACRSYS ACRPRDCT 00003000 1025 00040000)\n\n[ 0.009196] ACPI: TPM2 0x000000008AFF1000 000034 (v03 ACRSYS ACRPRDCT 00000000 1025 00040000)\n\n[ 0.009198] ACPI: SSDT 0x000000008AFED000 003162 (v02 ACRSYS ACRPRDCT 00003000 1025 00040000)\n\n[ 0.009200] ACPI: SSDT 0x000000008AFEC000 000794 (v02 ACRSYS ACRPRDCT 00000000 1025 00040000)\n\n[ 0.009202] ACPI: ASF! 0x000000008AFEB000 0000A5 (v32 ACRSYS ACRPRDCT 00000001 1025 00040000)\n\n[ 0.009204] ACPI: ASPT 0x000000008AFEA000 000034 (v07 ACRSYS ACRPRDCT 00000001 1025 00040000)\n\n[ 0.009205] ACPI: BOOT 0x000000008AFE9000 000028 (v01 ACRSYS ACRPRDCT 00000001 1025 00040000)\n\n[ 0.009207] ACPI: DBGP 0x000000008AFE8000 000034 (v01 ACRSYS ACRPRDCT 00000001 1025 00040000)\n\n[ 0.009209] ACPI: HPET 0x000000008AFE6000 000038 (v01 ACRSYS ACRPRDCT 00000001 1025 00040000)\n\n[ 0.009211] ACPI: APIC 0x000000008AFE5000 0000BC (v03 ACRSYS ACRPRDCT 00000001 1025 00040000)\n\n[ 0.009213] ACPI: MCFG 0x000000008AFE4000 00003C (v01 ACRSYS ACRPRDCT 00000001 1025 00040000)\n\n[ 0.009215] ACPI: LPIT 0x000000008AFC8000 000094 (v01 ACRSYS ACRPRDCT 00000000 1025 00040000)\n\n[ 0.009217] ACPI: WSMT 0x000000008AFC7000 000028 (v01 ACRSYS ACRPRDCT 00000000 1025 00040000)\n\n[ 0.009219] ACPI: SSDT 0x000000008AFC6000 00029F (v02 ACRSYS ACRPRDCT 00000000 1025 00040000)\n\n[ 0.009221] ACPI: SSDT 0x000000008AFC4000 000346 (v01 ACRSYS ACRPRDCT 00000000 1025 00040000)\n\n[ 0.009223] ACPI: SSDT 0x000000008AFC3000 00051E (v02 ACRSYS ACRPRDCT 00001000 1025 00040000)\n\n[ 0.009225] ACPI: DBGP 0x000000008AFC2000 000034 (v01 ACRSYS ACRPRDCT 00000002 1025 00040000)\n\n[ 0.009227] ACPI: DBG2 0x000000008AFC1000 000054 (v00 ACRSYS ACRPRDCT 00000002 1025 00040000)\n\n[ 0.009229] ACPI: SSDT 0x000000008AFC0000 000EDE (v02 ACRSYS ACRPRDCT 00003000 1025 00040000)\n\n[ 0.009230] ACPI: DMAR 0x000000008AFE3000 0000CC (v01 ACRSYS ACRPRDCT 00000001 1025 00040000)\n\n[ 0.009232] ACPI: NHLT 0x000000008AFBF000 00002D (v00 ACRSYS ACRPRDCT 00000002 1025 00040000)\n\n[ 0.009234] ACPI: FPDT 0x000000008AFBE000 000044 (v01 ACRSYS ACRPRDCT 00000002 1025 00040000)\n\n[ 0.009240] ACPI: Local APIC address 0xfee00000\n\n[ 0.009401] No NUMA configuration found\n\n[ 0.009402] Faking a node at [mem 0x0000000000000000-0x000000036effffff]\n\n[ 0.009405] NODE_DATA(0) allocated [mem 0x36effb000-0x36effffff]\n\n[ 0.009425] Zone ranges:\n\n[ 0.009425] DMA [mem 0x0000000000001000-0x0000000000ffffff]\n\n[ 0.009426] DMA32 [mem 0x0000000001000000-0x00000000ffffffff]\n\n[ 0.009427] Normal [mem 0x0000000100000000-0x000000036effffff]\n\n[ 0.009428] Device empty\n\n[ 0.009429] Movable zone start for each node\n\n[ 0.009429] Early memory node ranges\n\n[ 0.009430] node 0: [mem 0x0000000000001000-0x000000000009dfff]\n\n[ 0.009430] node 0: [mem 0x0000000000100000-0x0000000071a01fff]\n\n[ 0.009431] node 0: [mem 0x0000000071a04000-0x0000000073387fff]\n\n[ 0.009431] node 0: [mem 0x0000000073c88000-0x0000000089e9dfff]\n\n[ 0.009432] node 0: [mem 0x000000008affe000-0x000000008affefff]\n\n[ 0.009432] node 0: [mem 0x0000000100000000-0x000000036effffff]\n\n[ 0.009434] Reserved but unavailable: 99 pages\n\n[ 0.009435] Initmem setup node 0 [mem 0x0000000000001000-0x000000036effffff]\n\n[ 0.009436] On node 0 totalpages: 3114298\n\n[ 0.009437] DMA zone: 64 pages used for memmap\n\n[ 0.009437] DMA zone: 21 pages reserved\n\n[ 0.009438] DMA zone: 3997 pages, LIFO batch:0\n\n[ 0.009506] DMA32 zone: 8727 pages used for memmap\n\n[ 0.009507] DMA32 zone: 558493 pages, LIFO batch:63\n\n[ 0.020384] Normal zone: 39872 pages used for memmap\n\n[ 0.020385] Normal zone: 2551808 pages, LIFO batch:63\n\n[ 0.061991] Reserving Intel graphics memory at [mem 0x8c000000-0x8fffffff]\n\n[ 0.062191] ACPI: PM-Timer IO Port: 0x1808\n\n[ 0.062192] ACPI: Local APIC address 0xfee00000\n\n[ 0.062196] ACPI: LAPIC_NMI (acpi_id[0x01] high edge lint[0x1])\n\n[ 0.062197] ACPI: LAPIC_NMI (acpi_id[0x02] high edge lint[0x1])\n\n[ 0.062197] ACPI: LAPIC_NMI (acpi_id[0x03] high edge lint[0x1])\n\n[ 0.062198] ACPI: LAPIC_NMI (acpi_id[0x04] high edge lint[0x1])\n\n[ 0.062198] ACPI: LAPIC_NMI (acpi_id[0x05] high edge lint[0x1])\n\n[ 0.062198] ACPI: LAPIC_NMI (acpi_id[0x06] high edge lint[0x1])\n\n[ 0.062199] ACPI: LAPIC_NMI (acpi_id[0x07] high edge lint[0x1])\n\n[ 0.062199] ACPI: LAPIC_NMI (acpi_id[0x08] high edge lint[0x1])\n\n[ 0.062225] IOAPIC[0]: apic_id 2, version 32, address 0xfec00000, GSI 0-119\n\n[ 0.062227] ACPI: INT_SRC_OVR (bus 0 bus_irq 0 global_irq 2 dfl dfl)\n\n[ 0.062227] ACPI: INT_SRC_OVR (bus 0 bus_irq 9 global_irq 9 high level)\n\n[ 0.062229] ACPI: IRQ0 used by override.\n\n[ 0.062229] ACPI: IRQ9 used by override.\n\n[ 0.062231] Using ACPI (MADT) for SMP configuration information\n\n[ 0.062232] ACPI: HPET id: 0x8086a201 base: 0xfed00000\n\n[ 0.062234] smpboot: Allowing 4 CPUs, 0 hotplug CPUs\n\n[ 0.062247] PM: Registered nosave memory: [mem 0x00000000-0x00000fff]\n\n[ 0.062248] PM: Registered nosave memory: [mem 0x0009e000-0x0009efff]\n\n[ 0.062249] PM: Registered nosave memory: [mem 0x0009f000-0x0009ffff]\n\n[ 0.062249] PM: Registered nosave memory: [mem 0x000a0000-0x000dffff]\n\n[ 0.062250] PM: Registered nosave memory: [mem 0x000e0000-0x000fffff]\n\n[ 0.062251] PM: Registered nosave memory: [mem 0x71a02000-0x71a02fff]\n\n[ 0.062251] PM: Registered nosave memory: [mem 0x71a03000-0x71a03fff]\n\n[ 0.062252] PM: Registered nosave memory: [mem 0x73388000-0x73c87fff]\n\n[ 0.062253] PM: Registered nosave memory: [mem 0x89e9e000-0x8a88dfff]\n\n[ 0.062253] PM: Registered nosave memory: [mem 0x8a88e000-0x8af7dfff]\n\n[ 0.062254] PM: Registered nosave memory: [mem 0x8af7e000-0x8affdfff]\n\n[ 0.062255] PM: Registered nosave memory: [mem 0x8afff000-0x8fffffff]\n\n[ 0.062255] PM: Registered nosave memory: [mem 0x90000000-0xdfffffff]\n\n[ 0.062255] PM: Registered nosave memory: [mem 0xe0000000-0xefffffff]\n\n[ 0.062256] PM: Registered nosave memory: [mem 0xf0000000-0xfcffffff]\n\n[ 0.062256] PM: Registered nosave memory: [mem 0xfd000000-0xfe7fffff]\n\n[ 0.062256] PM: Registered nosave memory: [mem 0xfe800000-0xfebfffff]\n\n[ 0.062257] PM: Registered nosave memory: [mem 0xfec00000-0xfec00fff]\n\n[ 0.062257] PM: Registered nosave memory: [mem 0xfec01000-0xfecfffff]\n\n[ 0.062258] PM: Registered nosave memory: [mem 0xfed00000-0xfed00fff]\n\n[ 0.062258] PM: Registered nosave memory: [mem 0xfed01000-0xfed0ffff]\n\n[ 0.062258] PM: Registered nosave memory: [mem 0xfed10000-0xfed19fff]\n\n[ 0.062259] PM: Registered nosave memory: [mem 0xfed1a000-0xfed83fff]\n\n[ 0.062259] PM: Registered nosave memory: [mem 0xfed84000-0xfed84fff]\n\n[ 0.062259] PM: Registered nosave memory: [mem 0xfed85000-0xfedfffff]\n\n[ 0.062260] PM: Registered nosave memory: [mem 0xfee00000-0xfee00fff]\n\n[ 0.062260] PM: Registered nosave memory: [mem 0xfee01000-0xff9fffff]\n\n[ 0.062261] PM: Registered nosave memory: [mem 0xffa00000-0xffffffff]\n\n[ 0.062262] [mem 0x90000000-0xdfffffff] available for PCI devices\n\n[ 0.062262] Booting paravirtualized kernel on bare hardware\n\n[ 0.062264] clocksource: refined-jiffies: mask: 0xffffffff max_cycles: 0xffffffff, max_idle_ns: 7645519600211568 ns\n\n[ 0.134040] random: get_random_bytes called from start_kernel+0x93/0x531 with crng_init=0\n\n[ 0.134046] setup_percpu: NR_CPUS:512 nr_cpumask_bits:512 nr_cpu_ids:4 nr_node_ids:1\n\n[ 0.134170] percpu: Embedded 44 pages/cpu @(ptrval) s143192 r8192 d28840 u524288\n\n[ 0.134175] pcpu-alloc: s143192 r8192 d28840 u524288 alloc=12097152\n\n[ 0.134176] pcpu-alloc: [0] 0 1 2 3\n\n[ 0.134191] Built 1 zonelists, mobility grouping on. Total pages: 3065614\n\n[ 0.134192] Policy zone: Normal\n\n[ 0.134193] Kernel command line: BOOT_IMAGE=/live/vmlinuz initrd=/live/initrd.img boot=live union=overlay username=user config components quiet noswap edd=on nomodeset noeject locales= keyboard-layouts= ocs_live_run=\"ocs-live-general\" ocs_live_extra_param=\"\" ocs_live_batch=\"no\" vga=788 ip= net.ifnames=0 splash i915.blacklist=yes radeonhd.blacklist=yes nouveau.blacklist=yes vmwgfx.enable_fbdev=1\n\n[ 0.134315] You have booted with nomodeset. This means your GPU drivers are DISABLED\n\n[ 0.134315] Any video related functionality will be severely degraded, and you may not even be able to suspend the system properly\n\n[ 0.134316] Unless you actually understand what nomodeset does, you should reboot without enabling it\n\n[ 0.136943] Calgary: detecting Calgary via BIOS EBDA area\n\n[ 0.136945] Calgary: Unable to locate Rio Grande table in EBDA - bailing!\n\n[ 0.158604] Memory: 12143816K/12457192K available (10252K kernel code, 1240K rwdata, 3268K rodata, 1576K init, 2308K bss, 313376K reserved, 0K cma-reserved)\n\n[ 0.158667] SLUB: HWalign=64, Order=0-3, MinObjects=0, CPUs=4, Nodes=1\n\n[ 0.158671] Kernel/User page tables isolation: enabled\n\n[ 0.158705] ftrace: allocating 31775 entries in 125 pages\n\n[ 0.168501] rcu: Hierarchical RCU implementation.\n\n[ 0.168502] rcu: RCU restricting CPUs from NR_CPUS=512 to nr_cpu_ids=4.\n\n[ 0.168503] rcu: Adjusting geometry for rcu_fanout_leaf=16, nr_cpu_ids=4\n\n[ 0.170711] NR_IRQS: 33024, nr_irqs: 1024, preallocated irqs: 16\n\n[ 0.170982] Console: colour dummy device 80x25\n\n[ 0.170985] console [tty0] enabled\n\n[ 0.170996] ACPI: Core revision 20180810\n\n[ 0.171308] clocksource: hpet: mask: 0xffffffff max_cycles: 0xffffffff, max_idle_ns: 79635855245 ns\n\n[ 0.171338] hpet clockevent registered\n\n[ 0.171374] APIC: Switch to symmetric I/O mode setup\n\n[ 0.171375] DMAR: Host address width 39\n\n[ 0.171376] DMAR: DRHD base: 0x000000fed90000 flags: 0x0\n\n[ 0.171380] DMAR: dmar0: reg_base_addr fed90000 ver 1:0 cap 1c0000c40660462 ecap 19e2ff0505e\n\n[ 0.171381] DMAR: DRHD base: 0x000000fed91000 flags: 0x1\n\n[ 0.171383] DMAR: dmar1: reg_base_addr fed91000 ver 1:0 cap d2008c40660462 ecap f050da\n\n[ 0.171384] DMAR: RMRR base: 0x0000008a785000 end: 0x0000008a7a4fff\n\n[ 0.171385] DMAR: RMRR base: 0x0000008b800000 end: 0x0000008fffffff\n\n[ 0.171385] DMAR: ANDD device: 1 name: _SB.PCI0.I2C0\n\n[ 0.171387] DMAR-IR: IOAPIC id 2 under DRHD base 0xfed91000 IOMMU 1\n\n[ 0.171387] DMAR-IR: HPET id 0 under DRHD base 0xfed91000\n\n[ 0.171388] DMAR-IR: Queued invalidation will be enabled to support x2apic and Intr-remapping.\n\n[ 0.172820] DMAR-IR: Enabled IRQ remapping in x2apic mode\n\n[ 0.172821] x2apic enabled\n\n[ 0.172833] Switched APIC routing to cluster x2apic.\n\n[ 0.176942] ..TIMER: vector=0x30 apic1=0 pin1=2 apic2=-1 pin2=-1\n\n[ 0.195347] clocksource: tsc-early: mask: 0xffffffffffffffff max_cycles: 0x2717868ea45, max_idle_ns: 440795316085 ns\n\n[ 0.195356] Calibrating delay loop (skipped), value calculated using timer frequency.. 5424.00 BogoMIPS (lpj=10848000)\n\n[ 0.195358] pid_max: default: 32768 minimum: 301\n\n[ 0.195379] Security Framework initialized\n\n[ 0.195379] Yama: disabled by default; enable with sysctl kernel.yama.\n\n[ 0.195392] AppArmor: AppArmor initialized\n\n[ 0.196759] Dentry cache hash table entries: 2097152 (order: 12, 16777216 bytes)\n\n[ 0.197450] Inode-cache hash table entries: 1048576 (order: 11, 8388608 bytes)\n\n[ 0.197478] Mount-cache hash table entries: 32768 (order: 6, 262144 bytes)\n\n[ 0.197500] Mountpoint-cache hash table entries: 32768 (order: 6, 262144 bytes)\n\n[ 0.197649] ENERGY_PERF_BIAS: Set to 'normal', was 'performance'\n\n[ 0.197649] ENERGY_PERF_BIAS: View and update with x86_energy_perf_policy(8)\n\n[ 0.197654] mce: CPU supports 8 MCE banks\n\n[ 0.197661] CPU0: Thermal monitoring enabled (TM1)\n\n[ 0.197673] process: using mwait in idle threads\n\n[ 0.197675] Last level iTLB entries: 4KB 64, 2MB 8, 4MB 8\n\n[ 0.197675] Last level dTLB entries: 4KB 64, 2MB 0, 4MB 0, 1GB 4\n\n[ 0.197678] Spectre V2 : Mitigation: Full generic retpoline\n\n[ 0.197678] Spectre V2 : Spectre v2 / SpectreRSB mitigation: Filling RSB on context switch\n\n[ 0.197678] Spectre V2 : Enabling Restricted Speculation for firmware calls\n\n[ 0.197683] Spectre V2 : mitigation: Enabling conditional Indirect Branch Prediction Barrier\n\n[ 0.197683] Spectre V2 : User space: Mitigation: STIBP via seccomp and prctl\n\n[ 0.197684] Speculative Store Bypass: Vulnerable\n\n[ 0.197880] Freeing SMP alternatives memory: 24K\n\n[ 0.199397] TSC deadline timer enabled\n\n[ 0.199401] smpboot: CPU0: Intel(R) Core(TM) i5-7200U CPU @ 2.50GHz (family: 0x6, model: 0x8e, stepping: 0x9)\n\n[ 0.199460] Performance Events: PEBS fmt3+, Skylake events, 32-deep LBR, full-width counters, Intel PMU driver.\n\n[ 0.199483] ... version: 4\n\n[ 0.199484] ... bit width: 48\n\n[ 0.199484] ... generic registers: 4\n\n[ 0.199485] ... value mask: 0000ffffffffffff\n\n[ 0.199485] ... max period: 00007fffffffffff\n\n[ 0.199485] ... fixed-purpose events: 3\n\n[ 0.199486] ... event mask: 000000070000000f\n\n[ 0.199515] rcu: Hierarchical SRCU implementation.\n\n[ 0.199805] random: crng done (trusting CPU's manufacturer)\n\n[ 0.200012] NMI watchdog: Enabled. Permanently consumes one hw-PMU counter.\n\n[ 0.200038] smp: Bringing up secondary CPUs ...\n\n[ 0.200082] x86: Booting SMP configuration:\n\n[ 0.200083] .... node #0, CPUs: #1 #2 #3\n\n[ 0.200409] smp: Brought up 1 node, 4 CPUs\n\n[ 0.200409] smpboot: Max logical packages: 1\n\n[ 0.200409] smpboot: Total of 4 processors activated (21696.00 BogoMIPS)\n\n[ 0.203594] devtmpfs: initialized\n\n[ 0.203594] x86/mm: Memory block size: 128MB\n\n[ 0.204036] PM: Registering ACPI NVS region [mem 0x71a02000-0x71a02fff] (4096 bytes)\n\n[ 0.204036] PM: Registering ACPI NVS region [mem 0x8a88e000-0x8af7dfff] (7274496 bytes)\n\n[ 0.204036] clocksource: jiffies: mask: 0xffffffff max_cycles: 0xffffffff, max_idle_ns: 7645041785100000 ns\n\n[ 0.204036] futex hash table entries: 1024 (order: 4, 65536 bytes)\n\n[ 0.204036] pinctrl core: initialized pinctrl subsystem\n\n[ 0.204036] NET: Registered protocol family 16\n\n[ 0.204036] audit: initializing netlink subsys (disabled)\n\n[ 0.204036] audit: type=2000 audit(1554436721.036:1): state=initialized audit_enabled=0 res=1\n\n[ 0.204036] cpuidle: using governor ladder\n\n[ 0.204036] cpuidle: using governor menu\n\n[ 0.204036] Simple Boot Flag at 0x44 set to 0x1\n\n[ 0.204036] ACPI FADT declares the system doesn't support PCIe ASPM, so disable it\n\n[ 0.204036] ACPI: bus type PCI registered\n\n[ 0.204036] acpiphp: ACPI Hot Plug PCI Controller Driver version: 0.5\n\n[ 0.204036] PCI: MMCONFIG for domain 0000 [bus 00-ff] at [mem 0xe0000000-0xefffffff] (base 0xe0000000)\n\n[ 0.204036] PCI: MMCONFIG at [mem 0xe0000000-0xefffffff] reserved in E820\n\n[ 0.204036] PCI: Using configuration type 1 for base access\n\n[ 0.204036] HugeTLB registered 1.00 GiB page size, pre-allocated 0 pages\n\n[ 0.204036] HugeTLB registered 2.00 MiB page size, pre-allocated 0 pages\n\n[ 0.204036] ACPI: Added OSI(Module Device)\n\n[ 0.204036] ACPI: Added OSI(Processor Device)\n\n[ 0.204036] ACPI: Added OSI(3.0 SCP Extensions)\n\n[ 0.204036] ACPI: Added OSI(Processor Aggregator Device)\n\n[ 0.204036] ACPI: Added OSI(Linux-Dell-Video)\n\n[ 0.204036] ACPI: Added OSI(Linux-Lenovo-NV-HDMI-Audio)\n\n[ 0.229006] ACPI: 10 ACPI AML tables successfully acquired and loaded\n\n[ 0.233004] ACPI: [Firmware Bug]: BIOS OSI(Linux) query ignored\n\n[ 0.236066] ACPI: Dynamic OEM Table Load:\n\n[ 0.236077] ACPI: SSDT 0xFFFFA0F960034000 0006B4 (v02 PmRef Cpu0Ist 00003000 INTL 20160527)\n\n[ 0.236407] ACPI: _PR.CPU0: OSC native thermal LVT Acked\n\n[ 0.237016] ACPI: Dynamic OEM Table Load:\n\n[ 0.237022] ACPI: SSDT 0xFFFFA0F960093400 0003FF (v02 PmRef Cpu0Cst 00003001 INTL 20160527)\n\n[ 0.237320] ACPI: Dynamic OEM Table Load:\n\n[ 0.237325] ACPI: SSDT 0xFFFFA0F9600FA600 000115 (v02 PmRef Cpu0Hwp 00003000 INTL 20160527)\n\n[ 0.237524] ACPI: Dynamic OEM Table Load:\n\n[ 0.237528] ACPI: SSDT 0xFFFFA0F9600FBC00 0001A4 (v02 PmRef HwpLvt 00003000 INTL 20160527)\n\n[ 0.237954] ACPI: Dynamic OEM Table Load:\n\n[ 0.237960] ACPI: SSDT 0xFFFFA0F960035800 00065C (v02 PmRef ApIst 00003000 INTL 20160527)\n\n[ 0.238411] ACPI: Dynamic OEM Table Load:\n\n[ 0.238415] ACPI: SSDT 0xFFFFA0F9600FA400 000197 (v02 PmRef ApHwp 00003000 INTL 20160527)\n\n[ 0.238691] ACPI: Dynamic OEM Table Load:\n\n[ 0.238695] ACPI: SSDT 0xFFFFA0F9600FA200 00018A (v02 PmRef ApCst 00003000 INTL 20160527)\n\n[ 0.239740] ACPI: EC: EC started\n\n[ 0.239741] ACPI: EC: interrupt blocked\n\n[ 0.240108] ACPI: _SB.PCI0.LPCB.EC0: Used as first EC\n\n[ 0.240109] ACPI: _SB.PCI0.LPCB.EC0: GPE=0x50, EC_CMD/EC_SC=0x66, EC_DATA=0x62\n\n[ 0.240110] ACPI: _SB.PCI0.LPCB.EC0: Used as boot DSDT EC to handle transactions\n\n[ 0.240111] ACPI: Interpreter enabled\n\n[ 0.240148] ACPI: (supports S0 S3 S4 S5)\n\n[ 0.240149] ACPI: Using IOAPIC for interrupt routing\n\n[ 0.240179] PCI: Using host bridge windows from ACPI; if necessary, use \"pci=nocrs\" and report a bug\n\n[ 0.240534] ACPI: Enabled 9 GPEs in block 00 to 7F\n\n[ 0.245515] ACPI: Power Resource [WRST] (on)\n\n[ 0.255596] ACPI: PCI Root Bridge [PCI0] (domain 0000 [bus 00-fe])\n\n[ 0.255600] acpi PNP0A08:00: OSC: OS supports [ExtendedConfig ASPM ClockPM Segments MSI]\n\n[ 0.257769] acpi PNP0A08:00: OSC: OS now controls [PCIeHotplug SHPCHotplug PME AER PCIeCapability LTR]\n\n[ 0.257770] acpi PNP0A08:00: FADT indicates ASPM is unsupported, using BIOS configuration\n\n[ 0.259388] PCI host bridge to bus 0000:00\n\n[ 0.259390] pci_bus 0000:00: root bus resource [io 0x0000-0x0cf7 window]\n\n[ 0.259391] pci_bus 0000:00: root bus resource [io 0x0d00-0xffff window]\n\n[ 0.259393] pci_bus 0000:00: root bus resource [mem 0x000a0000-0x000bffff window]\n\n[ 0.259394] pci_bus 0000:00: root bus resource [mem 0x90000000-0xdfffffff window]\n\n[ 0.259395] pci_bus 0000:00: root bus resource [mem 0xfd000000-0xfe7fffff window]\n\n[ 0.259396] pci_bus 0000:00: root bus resource [bus 00-fe]\n\n[ 0.259403] pci 0000:00:00.0: [8086:5904] type 00 class 0x060000\n\n[ 0.260043] pci 0000:00:02.0: [8086:5916] type 00 class 0x030000\n\n[ 0.260052] pci 0000:00:02.0: reg 0x10: [mem 0xb0000000-0xb0ffffff 64bit]\n\n[ 0.260057] pci 0000:00:02.0: reg 0x18: [mem 0xa0000000-0xafffffff 64bit pref]\n\n[ 0.260060] pci 0000:00:02.0: reg 0x20: [io 0x4000-0x403f]\n\n[ 0.260764] pci 0000:00:14.0: [8086:9d2f] type 00 class 0x0c0330\n\n[ 0.260786] pci 0000:00:14.0: reg 0x10: [mem 0xb1310000-0xb131ffff 64bit]\n\n[ 0.260851] pci 0000:00:14.0: PME# supported from D3hot D3cold\n\n[ 0.261546] pci 0000:00:14.2: [8086:9d31] type 00 class 0x118000\n\n[ 0.261568] pci 0000:00:14.2: reg 0x10: [mem 0xb132a000-0xb132afff 64bit]\n\n[ 0.262342] pci 0000:00:15.0: [8086:9d60] type 00 class 0x118000\n\n[ 0.262605] pci 0000:00:15.0: reg 0x10: [mem 0xb132b000-0xb132bfff 64bit]\n\n[ 0.264084] pci 0000:00:16.0: [8086:9d3a] type 00 class 0x078000\n\n[ 0.264110] pci 0000:00:16.0: reg 0x10: [mem 0xb132c000-0xb132cfff 64bit]\n\n[ 0.264183] pci 0000:00:16.0: PME# supported from D3hot\n\n[ 0.264864] pci 0000:00:17.0: [8086:9d03] type 00 class 0x010601\n\n[ 0.264882] pci 0000:00:17.0: reg 0x10: [mem 0xb1328000-0xb1329fff]\n\n[ 0.264889] pci 0000:00:17.0: reg 0x14: [mem 0xb132f000-0xb132f0ff]\n\n[ 0.264896] pci 0000:00:17.0: reg 0x18: [io 0x4080-0x4087]\n\n[ 0.264904] pci 0000:00:17.0: reg 0x1c: [io 0x4088-0x408b]\n\n[ 0.264911] pci 0000:00:17.0: reg 0x20: [io 0x4060-0x407f]\n\n[ 0.264918] pci 0000:00:17.0: reg 0x24: [mem 0xb132d000-0xb132d7ff]\n\n[ 0.264958] pci 0000:00:17.0: PME# supported from D3hot\n\n[ 0.265617] pci 0000:00:1c.0: [8086:9d10] type 01 class 0x060400\n\n[ 0.265689] pci 0000:00:1c.0: PME# supported from D0 D3hot D3cold\n\n[ 0.266363] pci 0000:00:1c.4: [8086:9d14] type 01 class 0x060400\n\n[ 0.266430] pci 0000:00:1c.4: PME# supported from D0 D3hot D3cold\n\n[ 0.267096] pci 0000:00:1c.5: [8086:9d15] type 01 class 0x060400\n\n[ 0.267163] pci 0000:00:1c.5: PME# supported from D0 D3hot D3cold\n\n[ 0.267843] pci 0000:00:1f.0: [8086:9d4e] type 00 class 0x060100\n\n[ 0.268586] pci 0000:00:1f.2: [8086:9d21] type 00 class 0x058000\n\n[ 0.268602] pci 0000:00:1f.2: reg 0x10: [mem 0xb1324000-0xb1327fff]\n\n[ 0.269291] pci 0000:00:1f.3: [8086:9d71] type 00 class 0x040380\n\n[ 0.269318] pci 0000:00:1f.3: reg 0x10: [mem 0xb1320000-0xb1323fff 64bit]\n\n[ 0.269351] pci 0000:00:1f.3: reg 0x20: [mem 0xb1300000-0xb130ffff 64bit]\n\n[ 0.269399] pci 0000:00:1f.3: PME# supported from D3hot D3cold\n\n[ 0.270106] pci 0000:00:1f.4: [8086:9d23] type 00 class 0x0c0500\n\n[ 0.270165] pci 0000:00:1f.4: reg 0x10: [mem 0xb132e000-0xb132e0ff 64bit]\n\n[ 0.270234] pci 0000:00:1f.4: reg 0x20: [io 0x4040-0x405f]\n\n[ 0.270978] pci 0000:00:1c.0: PCI bridge to [bus 01]\n\n[ 0.271032] pci 0000:02:00.0: [10ec:5287] type 00 class 0xff0000\n\n[ 0.271062] pci 0000:02:00.0: reg 0x10: [mem 0xb1205000-0xb1205fff]\n\n[ 0.271122] pci 0000:02:00.0: reg 0x30: [mem 0xffff0000-0xffffffff pref]\n\n[ 0.271212] pci 0000:02:00.0: supports D1 D2\n\n[ 0.271213] pci 0000:02:00.0: PME# supported from D1 D2 D3hot D3cold\n\n[ 0.271314] pci 0000:02:00.1: [10ec:8168] type 00 class 0x020000\n\n[ 0.271342] pci 0000:02:00.1: reg 0x10: [io 0x3000-0x30ff]\n\n[ 0.271368] pci 0000:02:00.1: reg 0x18: [mem 0xb1204000-0xb1204fff 64bit]\n\n[ 0.271385] pci 0000:02:00.1: reg 0x20: [mem 0xb1200000-0xb1203fff 64bit]\n\n[ 0.271479] pci 0000:02:00.1: supports D1 D2\n\n[ 0.271480] pci 0000:02:00.1: PME# supported from D0 D1 D2 D3hot D3cold\n\n[ 0.271600] pci 0000:00:1c.4: PCI bridge to [bus 02]\n\n[ 0.271602] pci 0000:00:1c.4: bridge window [io 0x3000-0x3fff]\n\n[ 0.271605] pci 0000:00:1c.4: bridge window [mem 0xb1200000-0xb12fffff]\n\n[ 0.271755] pci 0000:03:00.0: [168c:0042] type 00 class 0x028000\n\n[ 0.271943] pci 0000:03:00.0: reg 0x10: [mem 0xb1000000-0xb11fffff 64bit]\n\n[ 0.272681] pci 0000:03:00.0: PME# supported from D0 D3hot D3cold\n\n[ 0.273255] pci 0000:00:1c.5: PCI bridge to [bus 03]\n\n[ 0.273259] pci 0000:00:1c.5: bridge window [mem 0xb1000000-0xb11fffff]\n\n[ 0.274102] ACPI: PCI Interrupt Link [LNKA] (IRQs 3 4 5 6 10 *11 12 14 15)\n\n[ 0.274143] ACPI: PCI Interrupt Link [LNKB] (IRQs 3 4 5 6 *10 11 12 14 15)\n\n[ 0.274183] ACPI: PCI Interrupt Link [LNKC] (IRQs 3 4 5 6 10 *11 12 14 15)\n\n[ 0.274223] ACPI: PCI Interrupt Link [LNKD] (IRQs 3 4 5 6 10 *11 12 14 15)\n\n[ 0.274262] ACPI: PCI Interrupt Link [LNKE] (IRQs 3 4 5 6 10 *11 12 14 15)\n\n[ 0.274301] ACPI: PCI Interrupt Link [LNKF] (IRQs 3 4 5 6 10 *11 12 14 15)\n\n[ 0.274340] ACPI: PCI Interrupt Link [LNKG] (IRQs 3 4 5 6 10 *11 12 14 15)\n\n[ 0.274379] ACPI: PCI Interrupt Link [LNKH] (IRQs 3 4 5 6 10 *11 12 14 15)\n\n[ 0.274847] ACPI Warning: GPE type mismatch (level/edge) (20180810/evxface-792)\n\n[ 0.274849] ACPI: EC: interrupt unblocked\n\n[ 0.274866] ACPI: EC: event unblocked\n\n[ 0.274902] ACPI: _SB.PCI0.LPCB.EC0: GPE=0x50, EC_CMD/EC_SC=0x66, EC_DATA=0x62\n\n[ 0.274903] ACPI: _SB.PCI0.LPCB.EC0: Used as boot DSDT EC to handle transactions and events\n\n[ 0.274954] pci 0000:00:02.0: vgaarb: setting as boot VGA device\n\n[ 0.274954] pci 0000:00:02.0: vgaarb: VGA device added: decodes=io+mem,owns=io+mem,locks=none\n\n[ 0.274954] pci 0000:00:02.0: vgaarb: bridge control possible\n\n[ 0.274954] vgaarb: loaded\n\n[ 0.274954] pps_core: LinuxPPS API ver. 1 registered\n\n[ 0.274954] pps_core: Software ver. 5.3.6 - Copyright 2005-2007 Rodolfo Giometti [email protected]\n\n[ 0.274954] PTP clock support registered\n\n[ 0.274954] EDAC MC: Ver: 3.0.0\n\n[ 0.274954] PCI: Using ACPI for IRQ routing\n\n[ 0.303312] PCI: pci_cache_line_size set to 64 bytes\n\n[ 0.303437] e820: reserve RAM buffer [mem 0x0009e800-0x0009ffff]\n\n[ 0.303438] e820: reserve RAM buffer [mem 0x71a02000-0x73ffffff]\n\n[ 0.303439] e820: reserve RAM buffer [mem 0x73388000-0x73ffffff]\n\n[ 0.303440] e820: reserve RAM buffer [mem 0x89e9e000-0x8bffffff]\n\n[ 0.303441] e820: reserve RAM buffer [mem 0x8afff000-0x8bffffff]\n\n[ 0.303441] e820: reserve RAM buffer [mem 0x36f000000-0x36fffffff]\n\n[ 0.303505] hpet0: at MMIO 0xfed00000, IRQs 2, 8, 0, 0, 0, 0, 0, 0\n\n[ 0.303505] hpet0: 8 comparators, 64-bit 24.000000 MHz counter\n\n[ 0.305385] clocksource: Switched to clocksource tsc-early\n\n[ 0.309316] VFS: Disk quotas dquot_6.6.0\n\n[ 0.309316] VFS: Dquot-cache hash table entries: 512 (order 0, 4096 bytes)\n\n[ 0.309316] AppArmor: AppArmor Filesystem Enabled\n\n[ 0.309316] pnp: PnP ACPI init\n\n[ 0.309316] system 00:00: [mem 0xfd000000-0xfdabffff] has been reserved\n\n[ 0.309316] system 00:00: [mem 0xfdad0000-0xfdadffff] has been reserved\n\n[ 0.309316] system 00:00: [mem 0xfdb00000-0xfdffffff] has been reserved\n\n[ 0.309316] system 00:00: [mem 0xfe000000-0xfe01ffff] has been reserved\n\n[ 0.309316] system 00:00: [mem 0xfe036000-0xfe03bfff] has been reserved\n\n[ 0.309316] system 00:00: [mem 0xfe03d000-0xfe3fffff] has been reserved\n\n[ 0.309316] system 00:00: [mem 0xfe410000-0xfe7fffff] has been reserved\n\n[ 0.309316] system 00:00: Plug and Play ACPI device, IDs PNP0c02 (active)\n\n[ 0.309316] system 00:01: [io 0x2000-0x20fe] has been reserved\n\n[ 0.309316] system 00:01: Plug and Play ACPI device, IDs PNP0c02 (active)\n\n[ 0.309316] system 00:02: [io 0x0680-0x069f] has been reserved\n\n[ 0.309316] system 00:02: [io 0xffff] has been reserved\n\n[ 0.309316] system 00:02: [io 0xffff] has been reserved\n\n[ 0.309316] system 00:02: [io 0xffff] has been reserved\n\n[ 0.309316] system 00:02: [io 0x1800-0x18fe] has been reserved\n\n[ 0.309316] system 00:02: [io 0x164e-0x164f] has been reserved\n\n[ 0.309316] system 00:02: Plug and Play ACPI device, IDs PNP0c02 (active)\n\n[ 0.309316] pnp 00:03: Plug and Play ACPI device, IDs PNP0b00 (active)\n\n[ 0.309316] system 00:04: [io 0x1854-0x1857] has been reserved\n\n[ 0.309316] system 00:04: Plug and Play ACPI device, IDs INT3f0d PNP0c02 (active)\n\n[ 0.309316] pnp 00:05: Plug and Play ACPI device, IDs PNP0303 (active)\n\n[ 0.309316] pnp 00:06: Plug and Play ACPI device, IDs ETD050d PNP0f13 PNP0f03 (active)\n\n[ 0.311424] system 00:07: [mem 0xfdaf0000-0xfdafffff] has been reserved\n\n[ 0.311425] system 00:07: [mem 0xfdae0000-0xfdaeffff] has been reserved\n\n[ 0.311426] system 00:07: [mem 0xfdac0000-0xfdacffff] has been reserved\n\n[ 0.311429] system 00:07: Plug and Play ACPI device, IDs PNP0c02 (active)\n\n[ 0.311827] system 00:08: [mem 0xfed10000-0xfed17fff] has been reserved\n\n[ 0.311828] system 00:08: [mem 0xfed18000-0xfed18fff] has been reserved\n\n[ 0.311829] system 00:08: [mem 0xfed19000-0xfed19fff] has been reserved\n\n[ 0.311830] system 00:08: [mem 0xe0000000-0xefffffff] has been reserved\n\n[ 0.311831] system 00:08: [mem 0xfed20000-0xfed3ffff] has been reserved\n\n[ 0.311833] system 00:08: [mem 0xfed90000-0xfed93fff] could not be reserved\n\n[ 0.311834] system 00:08: [mem 0xfed45000-0xfed8ffff] could not be reserved\n\n[ 0.311835] system 00:08: [mem 0xff000000-0xffffffff] could not be reserved\n\n[ 0.311836] system 00:08: [mem 0xfee00000-0xfeefffff] could not be reserved\n\n[ 0.311837] system 00:08: [mem 0x90000000-0x9001ffff] has been reserved\n\n[ 0.311840] system 00:08: Plug and Play ACPI device, IDs PNP0c02 (active)\n\n[ 0.312063] pnp: PnP ACPI: found 9 devices\n\n[ 0.317362] clocksource: acpi_pm: mask: 0xffffff max_cycles: 0xffffff, max_idle_ns: 2085701024 ns\n\n[ 0.317366] pci 0000:02:00.0: can't claim BAR 6 [mem 0xffff0000-0xffffffff pref]: no compatible bridge window\n\n[ 0.317376] pci 0000:00:1c.0: bridge window [io 0x1000-0x0fff] to [bus 01] add_size 1000\n\n[ 0.317377] pci 0000:00:1c.0: bridge window [mem 0x00100000-0x000fffff 64bit pref] to [bus 01] add_size 200000 add_align 100000\n\n[ 0.317379] pci 0000:00:1c.0: bridge window [mem 0x00100000-0x000fffff] to [bus 01] add_size 200000 add_align 100000\n\n[ 0.317392] pci 0000:00:1c.0: BAR 14: assigned [mem 0x90100000-0x902fffff]\n\n[ 0.317396] pci 0000:00:1c.0: BAR 15: assigned [mem 0x90300000-0x904fffff 64bit pref]\n\n[ 0.317398] pci 0000:00:1c.0: BAR 13: assigned [io 0x5000-0x5fff]\n\n[ 0.317400] pci 0000:00:1c.0: PCI bridge to [bus 01]\n\n[ 0.317403] pci 0000:00:1c.0: bridge window [io 0x5000-0x5fff]\n\n[ 0.317406] pci 0000:00:1c.0: bridge window [mem 0x90100000-0x902fffff]\n\n[ 0.317409] pci 0000:00:1c.0: bridge window [mem 0x90300000-0x904fffff 64bit pref]\n\n[ 0.317414] pci 0000:02:00.0: BAR 6: assigned [mem 0xb1210000-0xb121ffff pref]\n\n[ 0.317415] pci 0000:00:1c.4: PCI bridge to [bus 02]\n\n[ 0.317417] pci 0000:00:1c.4: bridge window [io 0x3000-0x3fff]\n\n[ 0.317420] pci 0000:00:1c.4: bridge window [mem 0xb1200000-0xb12fffff]\n\n[ 0.317425] pci 0000:00:1c.5: PCI bridge to [bus 03]\n\n[ 0.317428] pci 0000:00:1c.5: bridge window [mem 0xb1000000-0xb11fffff]\n\n[ 0.317434] pci_bus 0000:00: resource 4 [io 0x0000-0x0cf7 window]\n\n[ 0.317435] pci_bus 0000:00: resource 5 [io 0x0d00-0xffff window]\n\n[ 0.317436] pci_bus 0000:00: resource 6 [mem 0x000a0000-0x000bffff window]\n\n[ 0.317437] pci_bus 0000:00: resource 7 [mem 0x90000000-0xdfffffff window]\n\n[ 0.317438] pci_bus 0000:00: resource 8 [mem 0xfd000000-0xfe7fffff window]\n\n[ 0.317439] pci_bus 0000:01: resource 0 [io 0x5000-0x5fff]\n\n[ 0.317440] pci_bus 0000:01: resource 1 [mem 0x90100000-0x902fffff]\n\n[ 0.317441] pci_bus 0000:01: resource 2 [mem 0x90300000-0x904fffff 64bit pref]\n\n[ 0.317442] pci_bus 0000:02: resource 0 [io 0x3000-0x3fff]\n\n[ 0.317443] pci_bus 0000:02: resource 1 [mem 0xb1200000-0xb12fffff]\n\n[ 0.317444] pci_bus 0000:03: resource 1 [mem 0xb1000000-0xb11fffff]\n\n[ 0.317532] NET: Registered protocol family 2\n\n[ 0.317628] tcp_listen_portaddr_hash hash table entries: 8192 (order: 5, 131072 bytes)\n\n[ 0.317661] TCP established hash table entries: 131072 (order: 8, 1048576 bytes)\n\n[ 0.317776] TCP bind hash table entries: 65536 (order: 8, 1048576 bytes)\n\n[ 0.317860] TCP: Hash tables configured (established 131072 bind 65536)\n\n[ 0.317881] UDP hash table entries: 8192 (order: 6, 262144 bytes)\n\n[ 0.317909] UDP-Lite hash table entries: 8192 (order: 6, 262144 bytes)\n\n[ 0.317956] NET: Registered protocol family 1\n\n[ 0.317959] NET: Registered protocol family 44\n\n[ 0.317966] pci 0000:00:02.0: Video device with shadowed ROM at [mem 0x000c0000-0x000dffff]\n\n[ 0.319492] PCI: CLS 64 bytes, default 64\n\n[ 0.319514] Unpacking initramfs...\n\n[ 2.437775] Freeing initrd memory: 25248K\n\n[ 2.437807] DMAR: ACPI device \"device:70\" under DMAR at fed91000 as 00:15.0\n\n[ 2.451396] PCI-DMA: Using software bounce buffering for IO (SWIOTLB)\n\n[ 2.451405] software IO TLB: mapped [mem 0x85e9e000-0x89e9e000] (64MB)\n\n[ 2.451591] clocksource: tsc: mask: 0xffffffffffffffff max_cycles: 0x2717868ea45, max_idle_ns: 440795316085 ns\n\n[ 2.451600] clocksource: Switched to clocksource tsc\n\n[ 2.452063] Initialise system trusted keyrings\n\n[ 2.452099] workingset: timestamp_bits=40 max_order=22 bucket_order=0\n\n[ 2.452928] zbud: loaded\n\n[ 2.453138] pstore: using deflate compression\n\n[ 2.559832] Key type asymmetric registered\n\n[ 2.559833] Asymmetric key parser 'x509' registered\n\n[ 2.559840] Block layer SCSI generic (bsg) driver version 0.4 loaded (major 247)\n\n[ 2.559858] io scheduler noop registered\n\n[ 2.559859] io scheduler deadline registered\n\n[ 2.559880] io scheduler cfq registered (default)\n\n[ 2.559881] io scheduler mq-deadline registered\n\n[ 2.560445] pcieport 0000:00:1c.0: Signaling PME with IRQ 122\n\n[ 2.560461] pcieport 0000:00:1c.4: Signaling PME with IRQ 123\n\n[ 2.560472] pcieport 0000:00:1c.5: Signaling PME with IRQ 124\n\n[ 2.560487] pciehp 0000:00:1c.0:pcie004: Slot #0 AttnBtn- PwrCtrl- MRL- AttnInd- PwrInd- HotPlug+ Surprise+ Interlock- NoCompl+ LLActRep+\n\n[ 2.560531] shpchp: Standard Hot Plug PCI Controller Driver version: 0.4\n\n[ 2.560540] vesafb: mode is 800x600x16, linelength=1600, pages=67\n\n[ 2.560540] vesafb: scrolling: redraw\n\n[ 2.560541] vesafb: Truecolor: size=0:5:6:5, shift=0:11:5:0\n\n[ 2.560551] vesafb: framebuffer at 0xa0000000, mapped to 0x0000000012cf2ffb, using 1875k, total 65472k\n\n[ 2.577294] Console: switching to colour frame buffer device 100x37\n\n[ 2.593877] fb0: VESA VGA frame buffer device\n\n[ 2.593887] intel_idle: MWAIT substates: 0x11142120\n\n[ 2.593888] intel_idle: v0.4.1 model 0x8E\n\n[ 2.594038] intel_idle: lapic_timer_reliable_states 0xffffffff\n\n[ 2.594518] Serial: 8250/16550 driver, 4 ports, IRQ sharing enabled\n\n[ 2.594867] Linux agpgart interface v0.103\n\n[ 2.594899] AMD IOMMUv2 driver by Joerg Roedel [email protected]\n\n[ 2.594900] AMD IOMMUv2 functionality not available on this system\n\n[ 2.595082] i8042: PNP: PS/2 Controller [PNP0303:PS2K,PNP0f03:PS2M] at 0x60,0x64 irq 1,12\n\n[ 2.601022] serio: i8042 KBD port at 0x60,0x64 irq 1\n\n[ 2.601024] serio: i8042 AUX port at 0x60,0x64 irq 12\n\n[ 2.601169] mousedev: PS/2 mouse device common for all mice\n\n[ 2.601202] rtc_cmos 00:03: RTC can wake from S4\n\n[ 2.601682] rtc_cmos 00:03: registered as rtc0\n\n[ 2.601691] rtc_cmos 00:03: alarms up to one month, y3k, 242 bytes nvram, hpet irqs\n\n[ 2.601697] intel_pstate: Intel P-state driver initializing\n\n[ 2.601874] intel_pstate: HWP enabled\n\n[ 2.601891] ledtrig-cpu: registered to indicate activity on CPUs\n\n[ 2.602103] NET: Registered protocol family 10\n\n[ 2.606567] Segment Routing with IPv6\n\n[ 2.606583] mip6: Mobile IPv6\n\n[ 2.606584] NET: Registered protocol family 17\n\n[ 2.606607] mpls_gso: MPLS GSO support\n\n[ 2.606794] microcode: sig=0x806e9, pf=0x80, revision=0x84\n\n[ 2.606869] microcode: Microcode Update Driver: v2.2.\n\n[ 2.606877] sched_clock: Marking stable (2610482454, -3616167)->(2611594466, -4728179)\n\n[ 2.607045] registered taskstats version 1\n\n[ 2.607046] Loading compiled-in X.509 certificates\n\n[ 2.607653] input: AT Translated Set 2 keyboard as /devices/platform/i8042/serio0/input/input0\n\n[ 2.631812] Loaded X.509 cert 'Debian Secure Boot CA: 6ccece7e4c6c0d1f6149f3dd27dfcc5cbb419ea1'\n\n[ 2.631824] Loaded X.509 cert 'Debian Secure Boot Signer: 00a7468def'\n\n[ 2.631836] zswap: loaded using pool lzo/zbud\n\n[ 2.631891] AppArmor: AppArmor sha1 policy hashing enabled\n\n[ 2.632717] rtc_cmos 00:03: setting system clock to 2019-04-05 03:58:43 UTC (1554436723)\n\n[ 2.633648] Freeing unused kernel image memory: 1576K\n\n[ 2.663685] Write protecting the kernel read-only data: 16384k\n\n[ 2.664182] Freeing unused kernel image memory: 2028K\n\n[ 2.664346] Freeing unused kernel image memory: 828K\n\n[ 2.671326] x86/mm: Checked W+X mappings: passed, no W+X pages found.\n\n[ 2.671327] x86/mm: Checking user space page tables\n\n[ 2.678594] x86/mm: Checked W+X mappings: passed, no W+X pages found.\n\n[ 2.678596] Run /init as init process\n\n[ 2.772547] input: Power Button as /devices/LNXSYSTM:00/LNXSYBUS:00/PNP0C0C:00/input/input2\n\n[ 2.772556] ACPI: Power Button [PWRB]\n\n[ 2.772597] input: Sleep Button as /devices/LNXSYSTM:00/LNXSYBUS:00/PNP0C0E:00/input/input3\n\n[ 2.772603] ACPI: Sleep Button [SLPB]\n\n[ 2.772641] input: Lid Switch as /devices/LNXSYSTM:00/LNXSYBUS:00/PNP0C0D:00/input/input4\n\n[ 2.772647] ACPI: Lid Switch [LID0]\n\n[ 2.772682] input: Power Button as /devices/LNXSYSTM:00/LNXPWRBN:00/input/input5\n\n[ 2.772851] ACPI: Power Button [PWRF]\n\n[ 2.791319] ACPI: bus type USB registered\n\n[ 2.791338] usbcore: registered new interface driver usbfs\n\n[ 2.791345] usbcore: registered new interface driver hub\n\n[ 2.791375] usbcore: registered new device driver usb\n\n[ 2.797053] SCSI subsystem initialized\n\n[ 2.803685] i801_smbus 0000:00:1f.4: SPD Write Disable is set\n\n[ 2.803725] i801_smbus 0000:00:1f.4: SMBus using PCI interrupt\n\n[ 2.805375] xhci_hcd 0000:00:14.0: xHCI Host Controller\n\n[ 2.805381] xhci_hcd 0000:00:14.0: new USB bus registered, assigned bus number 1\n\n[ 2.806599] xhci_hcd 0000:00:14.0: hcc params 0x200077c1 hci version 0x100 quirks 0x0000000081109810\n\n[ 2.806604] xhci_hcd 0000:00:14.0: cache line size of 64 is not supported\n\n[ 2.806779] usb usb1: New USB device found, idVendor=1d6b, idProduct=0002, bcdDevice= 4.19\n\n[ 2.806780] usb usb1: New USB device strings: Mfr=3, Product=2, SerialNumber=1\n\n[ 2.806782] usb usb1: Product: xHCI Host Controller\n\n[ 2.806783] usb usb1: Manufacturer: Linux 4.19.0-4-amd64 xhci-hcd\n\n[ 2.806785] usb usb1: SerialNumber: 0000:00:14.0\n\n[ 2.810436] cryptd: max_cpu_qlen set to 1000\n\n[ 2.818219] AVX2 version of gcm_enc/dec engaged.\n\n[ 2.818220] AES CTR mode by8 optimization enabled\n\n[ 2.821962] libata version 3.00 loaded.\n\n[ 2.825003] ahci 0000:00:17.0: version 3.0\n\n[ 2.833336] hub 1-0:1.0: USB hub found\n\n[ 2.833377] intel-lpss 0000:00:15.0: enabling device (0000 -> 0002)\n\n[ 2.833848] ahci 0000:00:17.0: AHCI 0001.0301 32 slots 3 ports 6 Gbps 0x7 impl SATA mode\n\n[ 2.833851] ahci 0000:00:17.0: flags: 64bit ncq pm led clo only pio slum part deso sadm sds apst\n\n[ 2.834348] hub 1-0:1.0: 12 ports detected\n\n[ 2.835732] thermal LNXTHERM:00: registered as thermal_zone0\n\n[ 2.835734] ACPI: Thermal Zone [TZ01] (53 C)\n\n[ 2.841095] xhci_hcd 0000:00:14.0: xHCI Host Controller\n\n[ 2.841099] xhci_hcd 0000:00:14.0: new USB bus registered, assigned bus number 2\n\n[ 2.841102] xhci_hcd 0000:00:14.0: Host supports USB 3.0 SuperSpeed\n\n[ 2.841530] usb usb2: New USB device found, idVendor=1d6b, idProduct=0003, bcdDevice= 4.19\n\n[ 2.841532] usb usb2: New USB device strings: Mfr=3, Product=2, SerialNumber=1\n\n[ 2.841533] usb usb2: Product: xHCI Host Controller\n\n[ 2.841535] usb usb2: Manufacturer: Linux 4.19.0-4-amd64 xhci-hcd\n\n[ 2.841536] usb usb2: SerialNumber: 0000:00:14.0\n\n[ 2.841828] hub 2-0:1.0: USB hub found\n\n[ 2.841899] hub 2-0:1.0: 6 ports detected\n\n[ 2.842860] usb: port power management may be unreliable\n\n[ 2.849280] scsi host0: ahci\n\n[ 2.849407] scsi host1: ahci\n\n[ 2.849616] scsi host2: ahci\n\n[ 2.849669] ata1: SATA max UDMA/133 abar m2048@0xb132d000 port 0xb132d100 irq 127\n\n[ 2.849671] ata2: SATA max UDMA/133 abar m2048@0xb132d000 port 0xb132d180 irq 127\n\n[ 2.849673] ata3: SATA max UDMA/133 abar m2048@0xb132d000 port 0xb132d200 irq 127\n\n[ 2.850067] libphy: r8169: probed\n\n[ 2.850341] r8169 0000:02:00.1 eth0: RTL8411, d8:c4:97:5f:6e:14, XID 5c800800, IRQ 128\n\n[ 2.850343] r8169 0000:02:00.1 eth0: jumbo features [frames: 9200 bytes, tx checksumming: ko]\n\n[ 2.860120] i915: unknown parameter 'blacklist' ignored\n\n[ 3.162959] ata1: SATA link up 6.0 Gbps (SStatus 133 SControl 300)\n\n[ 3.162992] ata3: SATA link up 6.0 Gbps (SStatus 133 SControl 300)\n\n[ 3.163695] ata1.00: ATA-10: WDC WD10SPZX-21Z10T0, 02.01A02, max UDMA/133\n\n[ 3.163700] ata1.00: 1953525168 sectors, multi 16: LBA48 NCQ (depth 32), AA\n\n[ 3.164620] ata1.00: configured for UDMA/133\n\n[ 3.164666] ata3.00: ATA-9: HFS256G39TND-N210A, 30001P10, max UDMA/133\n\n[ 3.164671] ata3.00: 500118192 sectors, multi 1: LBA48 NCQ (depth 32), AA\n\n[ 3.164934] scsi 0:0:0:0: Direct-Access ATA WDC WD10SPZX-21Z 1A02 PQ: 0 ANSI: 5\n\n[ 3.165138] ata3.00: configured for UDMA/133\n\n[ 3.168307] ata2: SATA link down (SStatus 4 SControl 300)\n\n[ 3.175247] ahci 0000:00:17.0: port does not support device sleep\n\n[ 3.175553] usb 1-3: new high-speed USB device number 2 using xhci_hcd\n\n[ 3.175816] scsi 2:0:0:0: Direct-Access ATA HFS256G39TND-N21 1P10 PQ: 0 ANSI: 5\n\n[ 3.188814] sd 0:0:0:0: [sda] 1953525168 512-byte logical blocks: (1.00 TB/932 GiB)\n\n[ 3.188821] sd 0:0:0:0: [sda] 4096-byte physical blocks\n\n[ 3.188837] sd 0:0:0:0: [sda] Write Protect is off\n\n[ 3.188843] sd 0:0:0:0: [sda] Mode Sense: 00 3a 00 00\n\n[ 3.188866] sd 0:0:0:0: [sda] Write cache: enabled, read cache: enabled, doesn't support DPO or FUA\n\n[ 3.189178] sd 2:0:0:0: [sdb] 500118192 512-byte logical blocks: (256 GB/238 GiB)\n\n[ 3.189185] sd 2:0:0:0: [sdb] 4096-byte physical blocks\n\n[ 3.189200] sd 2:0:0:0: [sdb] Write Protect is off\n\n[ 3.189206] sd 2:0:0:0: [sdb] Mode Sense: 00 3a 00 00\n\n[ 3.189228] sd 2:0:0:0: [sdb] Write cache: enabled, read cache: enabled, doesn't support DPO or FUA\n\n[ 3.190332] sdb: sdb1 sdb2 sdb3 < sdb5 sdb6 sdb7 >\n\n[ 3.191474] sd 2:0:0:0: [sdb] Attached SCSI disk\n\n[ 3.193375] sda: sda1\n\n[ 3.193884] sd 0:0:0:0: [sda] Attached SCSI disk\n\n[ 3.340286] usb 1-3: New USB device found, idVendor=0951, idProduct=1666, bcdDevice= 1.00\n\n[ 3.340291] usb 1-3: New USB device strings: Mfr=1, Product=2, SerialNumber=3\n\n[ 3.340295] usb 1-3: Product: DataTraveler 3.0\n\n[ 3.340298] usb 1-3: Manufacturer: Kingston\n\n[ 3.340301] usb 1-3: SerialNumber: 60A44C3FAC04B291397A04DF\n\n[ 3.349277] usb-storage 1-3:1.0: USB Mass Storage device detected\n\n[ 3.349566] scsi host3: usb-storage 1-3:1.0\n\n[ 3.349783] usbcore: registered new interface driver usb-storage\n\n[ 3.352680] usbcore: registered new interface driver uas\n\n[ 3.381998] psmouse serio1: elantech: assuming hardware version 4 (with firmware version 0x4d5f03)\n\n[ 3.394286] psmouse serio1: elantech: Synaptics capabilities query result 0x00, 0x16, 0x10.\n\n[ 3.400795] Atheros(R) L2 Ethernet Driver - version 2.2.3\n\n[ 3.400797] Copyright (c) 2007 Atheros Corporation.\n\n[ 3.406391] psmouse serio1: elantech: Elan sample query result 03, 5c, 75\n\n[ 3.430940] bnx2x: QLogic 5771x/578xx 10/20-Gigabit Ethernet Driver bnx2x 1.712.30-0 (2014/02/10)\n\n[ 3.444422] usbcore: registered new interface driver asix\n\n[ 3.446607] usbcore: registered new interface driver ax88179_178a\n\n[ 3.448694] usbcore: registered new interface driver catc\n\n[ 3.451291] NET: Registered protocol family 35\n\n[ 3.451909] usbcore: registered new interface driver cdc_phonet\n\n[ 3.453727] usbcore: registered new interface driver cdc_eem\n\n[ 3.455751] usbcore: registered new interface driver cdc_ether\n\n[ 3.458185] usbcore: registered new interface driver cdc_ncm\n\n[ 3.458956] usbcore: registered new interface driver cdc_wdm\n\n[ 3.459511] usbcore: registered new interface driver cdc_mbim\n\n[ 3.462582] usbcore: registered new interface driver cdc_subset\n\n[ 3.464501] usbcore: registered new interface driver ch9200\n\n[ 3.466321] usbcore: registered new interface driver cx82310_eth\n\n[ 3.467365] usb 1-5: new full-speed USB device number 3 using xhci_hcd\n\n[ 3.468327] usbcore: registered new interface driver dm9601\n\n[ 3.468764] input: ETPS/2 Elantech Touchpad as /devices/platform/i8042/serio1/input/input6\n\n[ 3.470247] usbcore: registered new interface driver gl620a\n\n[ 3.474061] hso: drivers/net/usb/hso.c: Option Wireless\n\n[ 3.474075] usbcore: registered new interface driver hso\n\n[ 3.475962] usbcore: registered new interface driver huawei_cdc_ncm\n\n[ 3.477774] usbcore: registered new interface driver int51x1\n\n[ 3.479715] usbcore: registered new interface driver ipheth\n\n[ 3.481568] usbcore: registered new interface driver kalmia\n\n[ 3.483700] usbcore: registered new interface driver kaweth\n\n[ 3.485613] libphy: Fixed MDIO Bus: probed\n\n[ 3.487348] usbcore: registered new interface driver lan78xx\n\n[ 3.489234] usbcore: registered new interface driver lg-vl600\n\n[ 3.491189] usbcore: registered new interface driver MOSCHIP usb-ethernet driver\n\n[ 3.493084] usbcore: registered new interface driver net1080\n\n[ 3.495360] pegasus: v0.9.3 (2013/04/25), Pegasus/Pegasus II USB Ethernet driver\n\n[ 3.495374] usbcore: registered new interface driver pegasus\n\n[ 3.497134] usbcore: registered new interface driver plusb\n\n[ 3.499643] usbcore: registered new interface driver qmi_wwan\n\n[ 3.502770] usbcore: registered new interface driver r8152\n\n[ 3.504826] usbcore: registered new interface driver rndis_host\n\n[ 3.506864] usbcore: registered new interface driver rtl8150\n\n[ 3.508972] usbcore: registered new interface driver sierra_net\n\n[ 3.511744] usbcore: registered new interface driver smsc75xx\n\n[ 3.514202] usbcore: registered new interface driver smsc95xx\n\n[ 3.516238] usbcore: registered new interface driver sr9700\n\n[ 3.518390] usbcore: registered new interface driver CoreChips\n\n[ 3.521473] usbcore: registered new interface driver zaurus\n\n[ 3.527292] device-mapper: uevent: version 1.0.3\n\n[ 3.527458] device-mapper: ioctl: 4.39.0-ioctl (2018-04-03) initialised: [email protected]\n\n[ 3.611352] raid6: sse2x1 gen() 11271 MB/s\n\n[ 3.616436] usb 1-5: New USB device found, idVendor=04ca, idProduct=3015, bcdDevice= 0.01\n\n[ 3.616437] usb 1-5: New USB device strings: Mfr=0, Product=0, SerialNumber=0\n\n[ 3.679351] raid6: sse2x1 xor() 8246 MB/s\n\n[ 3.743411] usb 1-7: new high-speed USB device number 4 using xhci_hcd\n\n[ 3.747355] raid6: sse2x2 gen() 13948 MB/s\n\n[ 3.815353] raid6: sse2x2 xor() 9438 MB/s\n\n[ 3.883352] raid6: sse2x4 gen() 16224 MB/s\n\n[ 3.912682] usb 1-7: New USB device found, idVendor=0408, idProduct=a031, bcdDevice= 0.06\n\n[ 3.912684] usb 1-7: New USB device strings: Mfr=3, Product=1, SerialNumber=2\n\n[ 3.912685] usb 1-7: Product: VGA WebCam\n\n[ 3.912686] usb 1-7: Manufacturer: Quanta\n\n[ 3.912686] usb 1-7: SerialNumber: 0x0001\n\n[ 3.951354] raid6: sse2x4 xor() 10064 MB/s\n\n[ 4.019353] raid6: avx2x1 gen() 22524 MB/s\n\n[ 4.087352] raid6: avx2x1 xor() 15832 MB/s\n\n[ 4.155352] raid6: avx2x2 gen() 27320 MB/s\n\n[ 4.223351] raid6: avx2x2 xor() 17333 MB/s\n\n[ 4.291353] raid6: avx2x4 gen() 31401 MB/s\n\n[ 4.359351] raid6: avx2x4 xor() 19176 MB/s\n\n[ 4.359352] raid6: using algorithm avx2x4 gen() 31401 MB/s\n\n[ 4.359352] raid6: .... xor() 19176 MB/s, rmw enabled\n\n[ 4.359353] raid6: using avx2x2 recovery algorithm\n\n[ 4.359943] xor: automatically using best checksumming function avx\n\n[ 4.360329] async_tx: api initialized (async)\n\n[ 4.404888] ntfs: driver 2.1.32 [Flags: R/O MODULE].\n\n[ 4.435587] ntfs: volume version 3.1.\n\n[ 4.551386] ntfs: volume version 3.1.\n\n[ 4.712415] EXT4-fs (sdb2): mounted filesystem with ordered data mode. Opts: (null)\n\n[ 4.772364] scsi 3:0:0:0: Direct-Access Kingston DataTraveler 3.0 PMAP PQ: 0 ANSI: 6\n\n[ 4.774215] sd 3:0:0:0: [sdc] 30277632 512-byte logical blocks: (15.5 GB/14.4 GiB)\n\n[ 4.776741] sd 3:0:0:0: [sdc] Write Protect is off\n\n[ 4.776746] sd 3:0:0:0: [sdc] Mode Sense: 23 00 00 00\n\n[ 4.779243] sd 3:0:0:0: [sdc] No Caching mode page found\n\n[ 4.780334] sd 3:0:0:0: [sdc] Assuming drive cache: write through\n\n[ 4.789557] sdc: sdc1\n\n[ 4.796166] sd 3:0:0:0: [sdc] Attached SCSI removable disk\n\n[ 4.804139] EXT4-fs (sdb6): mounted filesystem with ordered data mode. Opts: (null)\n\n[ 4.890135] EXT4-fs (sdb7): mounted filesystem with ordered data mode. Opts: (null)\n\n[ 6.198260] loop: module loaded\n\n[ 6.422501] squashfs: version 4.0 (2009/01/31) Phillip Lougher\n\n[ 7.998206] systemd[1]: Inserted module 'autofs4'\n\n[ 8.070054] systemd[1]: systemd 241 running in system mode. (+PAM +AUDIT +SELINUX +IMA +APPARMOR +SMACK +SYSVINIT +UTMP +LIBCRYPTSETUP +GCRYPT +GNUTLS +ACL +XZ +LZ4 +SECCOMP +BLKID +ELFUTILS +KMOD -IDN2 +IDN -PCRE2 default-hierarchy=hybrid)\n\n[ 8.087822] systemd[1]: Detected architecture x86-64.\n\n[ 8.103086] systemd[1]: Set hostname to <localhost.localdomain>.\n\n[ 8.103520] systemd[1]: Initializing machine ID from random generator.\n\n[ 8.718055] systemd[1]: /lib/systemd/system/fancontrol.service:9: PIDFile= references path below legacy directory /var/run/, updating /var/run/fancontrol.pid â /run/fancontrol.pid; please update the unit file accordingly.\n\n[ 8.723207] systemd[1]: Set up automount Arbitrary Executable File Formats File System Automount Point.\n\n[ 8.723264] systemd[1]: Listening on initctl Compatibility Named Pipe.\n\n[ 8.723295] systemd[1]: Listening on Device-mapper event daemon FIFOs.\n\n[ 8.723439] systemd[1]: Listening on Journal Socket (/dev/log).\n\n[ 8.723484] systemd[1]: Listening on Syslog Socket.\n\n[ 8.993843] aoe: AoE v85 initialised.\n\n[ 9.103427] RPC: Registered named UNIX socket transport module.\n\n[ 9.103428] RPC: Registered udp transport module.\n\n[ 9.103429] RPC: Registered tcp transport module.\n\n[ 9.103430] RPC: Registered tcp NFSv4.1 backchannel transport module.\n\n[ 9.185101] systemd-journald[661]: Received request to flush runtime journal from PID 1\n\n[ 9.239010] fuse init (API version 7.27)\n\n[ 9.366243] SGI XFS with ACLs, security attributes, realtime, no debug enabled\n\n[ 9.430188] JFS: nTxBlock = 8192, nTxLock = 65536\n\n[ 9.613535] Loading iSCSI transport class v2.0-870.\n\n[ 9.729408] iscsi: registered transport (tcp)\n\n[ 10.222544] iscsi: registered transport (iser)\n\n[ 10.577297] RAPL PMU: API unit is 2^-32 Joules, 5 fixed counters, 655360 ms ovfl timer\n\n[ 10.577299] RAPL PMU: hw unit of domain pp0-core 2^-14 Joules\n\n[ 10.577300] RAPL PMU: hw unit of domain package 2^-14 Joules\n\n[ 10.577301] RAPL PMU: hw unit of domain dram 2^-14 Joules\n\n[ 10.577301] RAPL PMU: hw unit of domain pp1-gpu 2^-14 Joules\n\n[ 10.577302] RAPL PMU: hw unit of domain psys 2^-14 Joules\n\n[ 10.719025] ACPI: AC Adapter [ACAD] (on-line)\n\n[ 11.055501] idma64 idma64.0: Found Intel integrated DMA 64-bit\n\n[ 11.061090] iTCO_vendor_support: vendor-support=0\n\n[ 11.164577] battery: ACPI: Battery Slot [BAT1] (battery present)\n\n[ 11.212834] input: PC Speaker as /devices/platform/pcspkr/input/input7\n\n[ 11.241171] iTCO_wdt: Intel TCO WatchDog Timer Driver v1.11\n\n[ 11.241293] iTCO_wdt: Found a Intel PCH TCO device (Version=4, TCOBASE=0x0400)\n\n[ 11.251419] iTCO_wdt: initialized. heartbeat=30 sec (nowayout=0)\n\n[ 11.262922] sd 0:0:0:0: Attached scsi generic sg0 type 0\n\n[ 11.262953] sd 2:0:0:0: Attached scsi generic sg1 type 0\n\n[ 11.263333] sd 3:0:0:0: Attached scsi generic sg2 type 0\n\n[ 11.548499] acer_wmi: Acer Laptop ACPI-WMI Extras\n\n[ 11.548527] acer_wmi: Function bitmap for Communication Button: 0x801\n\n[ 11.723473] input: Acer WMI hotkeys as /devices/virtual/input/input8\n\n[ 11.906444] mei_me 0000:00:16.0: enabling device (0000 -> 0002)\n\n[ 11.972499] media: Linux media interface: v0.10\n\n[ 11.993919] videodev: Linux video capture interface: v2.00\n\n[ 12.117341] alg: No test for fips(ansi_cprng) (fips_ansi_cprng)\n\n[ 12.281053] uvcvideo: Found UVC 1.00 device VGA WebCam (0408:a031)\n\n[ 12.283337] uvcvideo 1-7:1.0: Entity type for entity Extension 4 was not initialized!\n\n[ 12.283339] uvcvideo 1-7:1.0: Entity type for entity Processing 2 was not initialized!\n\n[ 12.283340] uvcvideo 1-7:1.0: Entity type for entity Camera 1 was not initialized!\n\n[ 12.284698] input: VGA WebCam: VGA WebCam as /devices/pci0000:00/0000:00:14.0/usb1/1-7/1-7:1.0/input/input9\n\n[ 12.284807] usbcore: registered new interface driver uvcvideo\n\n[ 12.284808] USB Video Class driver (1.1.1)\n\n[ 12.410832] ath10k_pci 0000:03:00.0: pci irq msi oper_irq_mode 2 irq_mode 0 reset_mode 0\n\n[ 12.555411] Bluetooth: Core ver 2.22\n\n[ 12.555423] NET: Registered protocol family 31\n\n[ 12.555423] Bluetooth: HCI device and connection manager initialized\n\n[ 12.555426] Bluetooth: HCI socket layer initialized\n\n[ 12.555428] Bluetooth: L2CAP socket layer initialized\n\n[ 12.555432] Bluetooth: SCO socket layer initialized\n\n[ 12.611356] intel_rapl: Found RAPL domain package\n\n[ 12.611357] intel_rapl: Found RAPL domain core\n\n[ 12.611358] intel_rapl: Found RAPL domain uncore\n\n[ 12.611359] intel_rapl: Found RAPL domain dram\n\n[ 12.662876] usbcore: registered new interface driver btusb\n\n[ 12.715092] ath10k_pci 0000:03:00.0: firmware: failed to load ath10k/pre-cal-pci-0000:03:00.0.bin (-2)\n\n[ 12.715586] firmware_class: See https://wiki.debian.org/Firmware for information about missing firmware\n\n[ 12.716088] ath10k_pci 0000:03:00.0: firmware: failed to load ath10k/cal-pci-0000:03:00.0.bin (-2)\n\n[ 12.716650] ath10k_pci 0000:03:00.0: firmware: failed to load ath10k/QCA9377/hw1.0/firmware-6.bin (-2)\n\n[ 12.717184] ath10k_pci 0000:03:00.0: firmware: failed to load ath10k/QCA9377/hw1.0/firmware-5.bin (-2)\n\n[ 12.717678] ath10k_pci 0000:03:00.0: firmware: failed to load ath10k/QCA9377/hw1.0/firmware-4.bin (-2)\n\n[ 12.718172] ath10k_pci 0000:03:00.0: firmware: failed to load ath10k/QCA9377/hw1.0/firmware-3.bin (-2)\n\n[ 12.718665] ath10k_pci 0000:03:00.0: firmware: failed to load ath10k/QCA9377/hw1.0/firmware-2.bin (-2)\n\n[ 12.719151] ath10k_pci 0000:03:00.0: Failed to find firmware-N.bin (N between 2 and 6) from ath10k/QCA9377/hw1.0: -2\n\n[ 12.719705] ath10k_pci 0000:03:00.0: could not fetch firmware files (-2)\n\n[ 12.720055] ath10k_pci 0000:03:00.0: could not probe fw (-2)\n\n[ 18.564512] input: BRLTTY 5.6 Linux Screen Driver Keyboard as /devices/virtual/input/input10\n\n[ 22.663466] snd_hda_intel 0000:00:1f.3: couldn't bind with audio component\n\n[ 22.751847] snd_hda_codec_realtek hdaudioC0D0: autoconfig for ALC255: line_outs=1 (0x14/0x0/0x0/0x0/0x0) type:speaker\n\n[ 22.751850] snd_hda_codec_realtek hdaudioC0D0: speaker_outs=0 (0x0/0x0/0x0/0x0/0x0)\n\n[ 22.751852] snd_hda_codec_realtek hdaudioC0D0: hp_outs=1 (0x21/0x0/0x0/0x0/0x0)\n\n[ 22.751853] snd_hda_codec_realtek hdaudioC0D0: mono: mono_out=0x0\n\n[ 22.751854] snd_hda_codec_realtek hdaudioC0D0: inputs:\n\n[ 22.751856] snd_hda_codec_realtek hdaudioC0D0: Headset Mic=0x19\n\n[ 22.751857] snd_hda_codec_realtek hdaudioC0D0: Internal Mic=0x12\n\n[ 22.785650] dcdbas dcdbas: Dell Systems Management Base Driver (version 5.6.0-3.2)\n\n[ 22.786920] dell_smbios: Unable to run on non-Dell system\n\n[ 22.836062] snd_hda_codec_realtek hdaudioC0D0: Failed to find dell wmi symbol dell_micmute_led_set\n\n[ 23.744969] snd_hda_codec_hdmi hdaudioC0D2: No i915 binding for Intel HDMI/DP codec\n\n[ 23.745212] hdaudio hdaudioC0D2: Unable to bind the codec\n\n[ 23.745296] input: HDA Digital PCBeep as /devices/pci0000:00/0000:00:1f.3/sound/card0/input11\n\n[ 23.745433] input: HDA Intel PCH Front Headphone as /devices/pci0000:00/0000:00:1f.3/sound/card0/input12"
    }
}